kotlin version: 2.1.10
error message: org.jetbrains.kotlin.backend.common.BackendException: Backend Internal error: Exception during IR lowering
File being compiled: /Users/aronprice/pay-theory-android/lib/src/main/java/com/paytheory/lib/compose/PaymentForm.kt
The root cause java.lang.RuntimeException was thrown at: org.jetbrains.kotlin.backend.jvm.codegen.FunctionCodegen.generate(FunctionCodegen.kt:48)
	at org.jetbrains.kotlin.backend.common.CodegenUtil.reportBackendException(CodegenUtil.kt:253)
	at org.jetbrains.kotlin.backend.common.CodegenUtil.reportBackendException$default(CodegenUtil.kt:236)
	at org.jetbrains.kotlin.backend.common.phaser.PerformByIrFilePhase.invokeSequential(performByIrFile.kt:55)
	at org.jetbrains.kotlin.backend.common.phaser.PerformByIrFilePhase.invoke(performByIrFile.kt:42)
	at org.jetbrains.kotlin.backend.common.phaser.PerformByIrFilePhase.invoke(performByIrFile.kt:28)
	at org.jetbrains.kotlin.backend.common.phaser.NamedCompilerPhase.phaseBody(CompilerPhase.kt:166)
	at org.jetbrains.kotlin.backend.common.phaser.AbstractNamedCompilerPhase.invoke(CompilerPhase.kt:113)
	at org.jetbrains.kotlin.backend.common.phaser.CompositePhase.invoke(PhaseBuilders.kt:27)
	at org.jetbrains.kotlin.backend.common.phaser.CompositePhase.invoke(PhaseBuilders.kt:14)
	at org.jetbrains.kotlin.backend.common.phaser.NamedCompilerPhase.phaseBody(CompilerPhase.kt:166)
	at org.jetbrains.kotlin.backend.common.phaser.AbstractNamedCompilerPhase.invoke(CompilerPhase.kt:113)
	at org.jetbrains.kotlin.backend.common.phaser.CompilerPhaseKt.invokeToplevel(CompilerPhase.kt:62)
	at org.jetbrains.kotlin.backend.jvm.JvmIrCodegenFactory.invokeCodegen(JvmIrCodegenFactory.kt:371)
	at org.jetbrains.kotlin.codegen.CodegenFactory.generateModule(CodegenFactory.kt:47)
	at org.jetbrains.kotlin.backend.jvm.JvmIrCodegenFactory.generateModuleInFrontendIRMode(JvmIrCodegenFactory.kt:433)
	at org.jetbrains.kotlin.cli.jvm.compiler.pipeline.JvmCompilerPipelineKt.generateCodeFromIr(jvmCompilerPipeline.kt:192)
	at org.jetbrains.kotlin.cli.jvm.compiler.pipeline.JvmCompilerPipelineKt.runBackend(jvmCompilerPipeline.kt:80)
	at org.jetbrains.kotlin.cli.jvm.compiler.pipeline.JvmCompilerPipelineLightTreeKt.compileModule(jvmCompilerPipelineLightTree.kt:264)
	at org.jetbrains.kotlin.cli.jvm.compiler.pipeline.JvmCompilerPipelineLightTreeKt.compileSingleModuleUsingFrontendIrAndLightTree(jvmCompilerPipelineLightTree.kt:231)
	at org.jetbrains.kotlin.cli.jvm.compiler.pipeline.JvmCompilerPipelineLightTreeKt.compileModulesUsingFrontendIrAndLightTree(jvmCompilerPipelineLightTree.kt:86)
	at org.jetbrains.kotlin.cli.jvm.K2JVMCompiler.doExecute(K2JVMCompiler.kt:146)
	at org.jetbrains.kotlin.cli.jvm.K2JVMCompiler.doExecute(K2JVMCompiler.kt:43)
	at org.jetbrains.kotlin.cli.common.CLICompiler.execImpl(CLICompiler.kt:102)
	at org.jetbrains.kotlin.cli.common.CLICompiler.exec(CLICompiler.kt:316)
	at org.jetbrains.kotlin.incremental.IncrementalJvmCompilerRunner.runCompiler(IncrementalJvmCompilerRunner.kt:464)
	at org.jetbrains.kotlin.incremental.IncrementalJvmCompilerRunner.runCompiler(IncrementalJvmCompilerRunner.kt:73)
	at org.jetbrains.kotlin.incremental.IncrementalCompilerRunner.doCompile(IncrementalCompilerRunner.kt:506)
	at org.jetbrains.kotlin.incremental.IncrementalCompilerRunner.compileImpl(IncrementalCompilerRunner.kt:423)
	at org.jetbrains.kotlin.incremental.IncrementalCompilerRunner.compileNonIncrementally(IncrementalCompilerRunner.kt:301)
	at org.jetbrains.kotlin.incremental.IncrementalCompilerRunner.compile(IncrementalCompilerRunner.kt:129)
	at org.jetbrains.kotlin.daemon.CompileServiceImplBase.execIncrementalCompiler(CompileServiceImpl.kt:683)
	at org.jetbrains.kotlin.daemon.CompileServiceImplBase.access$execIncrementalCompiler(CompileServiceImpl.kt:91)
	at org.jetbrains.kotlin.daemon.CompileServiceImpl.compile(CompileServiceImpl.kt:1811)
	at java.base/jdk.internal.reflect.DirectMethodHandleAccessor.invoke(Unknown Source)
	at java.base/java.lang.reflect.Method.invoke(Unknown Source)
	at java.rmi/sun.rmi.server.UnicastServerRef.dispatch(Unknown Source)
	at java.rmi/sun.rmi.transport.Transport$1.run(Unknown Source)
	at java.rmi/sun.rmi.transport.Transport$1.run(Unknown Source)
	at java.base/java.security.AccessController.doPrivileged(Unknown Source)
	at java.rmi/sun.rmi.transport.Transport.serviceCall(Unknown Source)
	at java.rmi/sun.rmi.transport.tcp.TCPTransport.handleMessages(Unknown Source)
	at java.rmi/sun.rmi.transport.tcp.TCPTransport$ConnectionHandler.run0(Unknown Source)
	at java.rmi/sun.rmi.transport.tcp.TCPTransport$ConnectionHandler.lambda$run$0(Unknown Source)
	at java.base/java.security.AccessController.doPrivileged(Unknown Source)
	at java.rmi/sun.rmi.transport.tcp.TCPTransport$ConnectionHandler.run(Unknown Source)
	at java.base/java.util.concurrent.ThreadPoolExecutor.runWorker(Unknown Source)
	at java.base/java.util.concurrent.ThreadPoolExecutor$Worker.run(Unknown Source)
	at java.base/java.lang.Thread.run(Unknown Source)
Caused by: java.lang.RuntimeException: Exception while generating code for:
FUN name:PaymentForm visibility:public modality:FINAL <> (payable:com.paytheory.lib.Payable, configuration:com.paytheory.lib.PayTheoryConfiguration, modifier:androidx.compose.ui.Modifier) returnType:kotlin.Unit
  annotations:
    OptIn(markerClass = [CLASS_REFERENCE 'CLASS IR_EXTERNAL_DECLARATION_STUB ANNOTATION_CLASS name:ExperimentalMaterial3Api modality:OPEN visibility:public superTypes:[kotlin.Annotation]' type=kotlin.reflect.KClass<androidx.compose.material3.ExperimentalMaterial3Api>] type=kotlin.Array<out kotlin.reflect.KClass<out kotlin.Annotation>> varargElementType=kotlin.reflect.KClass<out kotlin.Annotation>)
    Composable
  VALUE_PARAMETER name:payable index:0 type:com.paytheory.lib.Payable
  VALUE_PARAMETER name:configuration index:1 type:com.paytheory.lib.PayTheoryConfiguration
  VALUE_PARAMETER name:modifier index:2 type:androidx.compose.ui.Modifier
    EXPRESSION_BODY
      ERROR_EXPR 'Default Stub' type=androidx.compose.ui.Modifier
  BLOCK_BODY
    VAR name:validator type:com.paytheory.lib.valid.Validator [val]
      CONSTRUCTOR_CALL 'public constructor <init> () [primary] declared in com.paytheory.lib.valid.Validator' type=com.paytheory.lib.valid.Validator origin=null
    WHEN type=kotlin.Unit origin=IF
      BRANCH
        if: CALL 'public final fun not (): kotlin.Boolean [operator] declared in kotlin.Boolean' type=kotlin.Boolean origin=null
          $this: CALL 'private final fun isNetworkAvailable (context: android.content.Context): kotlin.Boolean declared in com.paytheory.lib.compose.PaymentFormKt' type=kotlin.Boolean origin=null
            context: CALL 'public final fun <get-current> (): T of androidx.compose.runtime.CompositionLocal [inline] declared in androidx.compose.runtime.CompositionLocal' type=android.content.Context origin=GET_PROPERTY
              $this: TYPE_OP type=androidx.compose.runtime.CompositionLocal<T of androidx.compose.runtime.CompositionLocal> origin=IMPLICIT_CAST typeOperand=androidx.compose.runtime.CompositionLocal<T of androidx.compose.runtime.CompositionLocal>
                CALL 'public final fun <get-LocalContext> (): androidx.compose.runtime.ProvidableCompositionLocal<android.content.Context> declared in androidx.compose.ui.platform.AndroidCompositionLocals_androidKt' type=androidx.compose.runtime.ProvidableCompositionLocal<android.content.Context> origin=GET_PROPERTY
        then: BLOCK type=kotlin.Unit origin=null
          THROW type=kotlin.Nothing
            CONSTRUCTOR_CALL 'public constructor <init> (p0: @[FlexibleNullability] kotlin.String?) declared in android.accounts.NetworkErrorException' type=android.accounts.NetworkErrorException origin=null
              p0: CONST String type=kotlin.String value="No valid network connection"
    VAR name:packageName type:@[FlexibleNullability] kotlin.String? [val]
      CALL 'public abstract fun getPackageName (): @[FlexibleNullability] kotlin.String? declared in android.content.Context' type=@[FlexibleNullability] kotlin.String? origin=GET_PROPERTY
        $this: CALL 'public abstract fun getApplicationContext (): @[FlexibleNullability] android.content.Context? declared in android.content.Context' type=@[FlexibleNullability] android.content.Context? origin=GET_PROPERTY
          $this: CALL 'public final fun <get-current> (): T of androidx.compose.runtime.CompositionLocal [inline] declared in androidx.compose.runtime.CompositionLocal' type=android.content.Context origin=GET_PROPERTY
            $this: TYPE_OP type=androidx.compose.runtime.CompositionLocal<T of androidx.compose.runtime.CompositionLocal> origin=IMPLICIT_CAST typeOperand=androidx.compose.runtime.CompositionLocal<T of androidx.compose.runtime.CompositionLocal>
              CALL 'public final fun <get-LocalContext> (): androidx.compose.runtime.ProvidableCompositionLocal<android.content.Context> declared in androidx.compose.ui.platform.AndroidCompositionLocals_androidKt' type=androidx.compose.runtime.ProvidableCompositionLocal<android.content.Context> origin=GET_PROPERTY
    VAR name:viewModel type:com.paytheory.lib.model.PaymentViewModel [val]
      TYPE_OP type=com.paytheory.lib.model.PaymentViewModel origin=IMPLICIT_CAST typeOperand=com.paytheory.lib.model.PaymentViewModel
        CALL 'public final fun viewModel$default <VM> (viewModelStoreOwner: androidx.lifecycle.ViewModelStoreOwner?, key: kotlin.String?, initializer: @[ExtensionFunctionType] kotlin.Function1<androidx.lifecycle.viewmodel.CreationExtras, VM of androidx.lifecycle.viewmodel.compose.ViewModelKt.viewModel$default>, $mask0: kotlin.Int, $handler: kotlin.Any?): VM of androidx.lifecycle.viewmodel.compose.ViewModelKt.viewModel$default [inline] declared in androidx.lifecycle.viewmodel.compose.ViewModelKt' type=VM of androidx.lifecycle.viewmodel.compose.ViewModelKt.viewModel$default origin=DEFAULT_DISPATCH_CALL
          <VM>: com.paytheory.lib.model.PaymentViewModel
          viewModelStoreOwner: COMPOSITE type=androidx.lifecycle.ViewModelStoreOwner? origin=DEFAULT_VALUE
            CONST Null type=androidx.lifecycle.ViewModelStoreOwner? value=null
          key: COMPOSITE type=kotlin.String? origin=DEFAULT_VALUE
            CONST Null type=kotlin.String? value=null
          initializer: BLOCK type=@[ExtensionFunctionType] kotlin.Function1<androidx.lifecycle.viewmodel.CreationExtras, com.paytheory.lib.model.PaymentViewModel> origin=LAMBDA
            COMPOSITE type=kotlin.Unit origin=null
            CALL 'public final fun <jvm-indy> <T> (dynamicCall: T of kotlin.jvm.internal.<jvm-indy>, bootstrapMethodHandle: kotlin.Any, vararg bootstrapMethodArguments: kotlin.Any): T of kotlin.jvm.internal.<jvm-indy> declared in kotlin.jvm.internal' type=@[ExtensionFunctionType] kotlin.Function1<androidx.lifecycle.viewmodel.CreationExtras, com.paytheory.lib.model.PaymentViewModel> origin=null
              <T>: @[ExtensionFunctionType] kotlin.Function1<androidx.lifecycle.viewmodel.CreationExtras, com.paytheory.lib.model.PaymentViewModel>
              dynamicCall: CALL 'public final fun invoke (p0: @[FlexibleNullability] kotlin.String?, p1: com.paytheory.lib.PayTheoryConfiguration, p2: com.paytheory.lib.Payable): @[ExtensionFunctionType] kotlin.Function1<androidx.lifecycle.viewmodel.CreationExtras, com.paytheory.lib.model.PaymentViewModel> declared in kotlin.jvm.internal.invokeDynamic' type=@[ExtensionFunctionType] kotlin.Function1<androidx.lifecycle.viewmodel.CreationExtras, com.paytheory.lib.model.PaymentViewModel> origin=null
                p0: GET_VAR 'val packageName: @[FlexibleNullability] kotlin.String? [val] declared in com.paytheory.lib.compose.PaymentFormKt.PaymentForm' type=@[FlexibleNullability] kotlin.String? origin=null
                p1: GET_VAR 'configuration: com.paytheory.lib.PayTheoryConfiguration declared in com.paytheory.lib.compose.PaymentFormKt.PaymentForm' type=com.paytheory.lib.PayTheoryConfiguration origin=null
                p2: GET_VAR 'payable: com.paytheory.lib.Payable declared in com.paytheory.lib.compose.PaymentFormKt.PaymentForm' type=com.paytheory.lib.Payable origin=null
              bootstrapMethodHandle: CALL 'public final fun <jvm-method-handle> (tag: kotlin.Int, owner: kotlin.String, name: kotlin.String, descriptor: kotlin.String, isInterface: kotlin.Boolean): kotlin.Any declared in kotlin.jvm.internal' type=kotlin.Any origin=null
                tag: CONST Int type=kotlin.Int value=6
                owner: CONST String type=kotlin.String value="java/lang/invoke/LambdaMetafactory"
                name: CONST String type=kotlin.String value="metafactory"
                descriptor: CONST String type=kotlin.String value="(Ljava/lang/invoke/MethodHandles$Lookup;Ljava/lang/String;Ljava/lang/invoke/MethodType;Ljava/lang/invoke/MethodType;Ljava/lang/invoke/MethodHandle;Ljava/lang/invoke/MethodType;)Ljava/lang/invoke/CallSite;"
                isInterface: CONST Boolean type=kotlin.Boolean value=false
              bootstrapMethodArguments: VARARG type=kotlin.Array<kotlin.Any> varargElementType=kotlin.Any
                CALL 'public final fun <jvm-original-method-type> (method: kotlin.Any): kotlin.Any declared in kotlin.jvm.internal' type=kotlin.Any origin=null
                  method: RAW_FUNCTION_REFERENCE 'public abstract fun invoke (p1: P1 of kotlin.Function1): R of kotlin.Function1 [operator] declared in kotlin.Function1' type=kotlin.Any
                RAW_FUNCTION_REFERENCE 'private final fun PaymentForm$lambda$2 ($packageName: @[FlexibleNullability] kotlin.String?, $configuration: com.paytheory.lib.PayTheoryConfiguration, $payable: com.paytheory.lib.Payable, $this$viewModel: androidx.lifecycle.viewmodel.CreationExtras): com.paytheory.lib.model.PaymentViewModel declared in com.paytheory.lib.compose.PaymentFormKt' type=kotlin.Any
                CALL 'public final fun <jvm-original-method-type> (method: kotlin.Any): kotlin.Any declared in kotlin.jvm.internal' type=kotlin.Any origin=null
                  method: RAW_FUNCTION_REFERENCE 'public abstract fun invoke (p1: androidx.lifecycle.viewmodel.CreationExtras): com.paytheory.lib.model.PaymentViewModel [fake_override,operator] declared in kotlin.jvm.internal.invokeDynamic.<fake>' type=kotlin.Any
          $mask0: CONST Int type=kotlin.Int value=3
          $handler: CONST Null type=kotlin.Any? value=null
    VAR PROPERTY_DELEGATE name:paymentViewState$delegate type:androidx.compose.runtime.State<com.paytheory.lib.model.PaymentViewModel.PaymentState> [val]
      TYPE_OP type=androidx.compose.runtime.State<com.paytheory.lib.model.PaymentViewModel.PaymentState> origin=IMPLICIT_CAST typeOperand=androidx.compose.runtime.State<com.paytheory.lib.model.PaymentViewModel.PaymentState>
        CALL 'public final fun collectAsState$default <T> (context: kotlin.coroutines.CoroutineContext?, $mask0: kotlin.Int, $handler: kotlin.Any?): androidx.compose.runtime.State<T of androidx.compose.runtime.SnapshotStateKt.collectAsState$default> declared in androidx.compose.runtime.SnapshotStateKt' type=androidx.compose.runtime.State<T of androidx.compose.runtime.SnapshotStateKt.collectAsState$default> origin=DEFAULT_DISPATCH_CALL
          <T>: com.paytheory.lib.model.PaymentViewModel.PaymentState
          $receiver: CALL 'public final fun <get-paymentState> (): kotlinx.coroutines.flow.StateFlow<com.paytheory.lib.model.PaymentViewModel.PaymentState> declared in com.paytheory.lib.model.PaymentViewModel' type=kotlinx.coroutines.flow.StateFlow<com.paytheory.lib.model.PaymentViewModel.PaymentState> origin=GET_PROPERTY
            $this: GET_VAR 'val viewModel: com.paytheory.lib.model.PaymentViewModel [val] declared in com.paytheory.lib.compose.PaymentFormKt.PaymentForm' type=com.paytheory.lib.model.PaymentViewModel origin=null
          context: COMPOSITE type=kotlin.coroutines.CoroutineContext? origin=DEFAULT_VALUE
            CONST Null type=kotlin.coroutines.CoroutineContext? value=null
          $mask0: CONST Int type=kotlin.Int value=1
          $handler: CONST Null type=kotlin.Any? value=null
    VAR PROPERTY_DELEGATE name:clearFormTrigger$delegate type:androidx.compose.runtime.MutableState<kotlin.Boolean> [val]
      CALL 'public final fun remember <T> (calculation: @[DisallowComposableCalls] kotlin.Function0<T of androidx.compose.runtime.ComposablesKt.remember>): T of androidx.compose.runtime.ComposablesKt.remember [inline] declared in androidx.compose.runtime.ComposablesKt' type=androidx.compose.runtime.MutableState<kotlin.Boolean> origin=null
        <T>: androidx.compose.runtime.MutableState<kotlin.Boolean>
        calculation: BLOCK type=kotlin.Function0<androidx.compose.runtime.MutableState<kotlin.Boolean>> origin=LAMBDA
          COMPOSITE type=kotlin.Unit origin=null
          FUNCTION_REFERENCE 'private final fun PaymentForm$lambda$4 (): androidx.compose.runtime.MutableState<kotlin.Boolean> declared in com.paytheory.lib.compose.PaymentFormKt' type=kotlin.Function0<androidx.compose.runtime.MutableState<kotlin.Boolean>> origin=INLINE_LAMBDA reflectionTarget=null
    CALL 'public final fun LaunchedEffect (key1: kotlin.Any?, block: @[ExtensionFunctionType] kotlin.coroutines.SuspendFunction1<kotlinx.coroutines.CoroutineScope, kotlin.Unit>): kotlin.Unit declared in androidx.compose.runtime.EffectsKt' type=kotlin.Unit origin=null
      key1: CALL 'private final fun PaymentForm$lambda$3 ($paymentViewState$delegate: androidx.compose.runtime.State<com.paytheory.lib.model.PaymentViewModel.PaymentState>): com.paytheory.lib.model.PaymentViewModel.PaymentState declared in com.paytheory.lib.compose.PaymentFormKt' type=com.paytheory.lib.model.PaymentViewModel.PaymentState origin=GET_LOCAL_PROPERTY
        $paymentViewState$delegate: GET_VAR 'val paymentViewState$delegate: androidx.compose.runtime.State<com.paytheory.lib.model.PaymentViewModel.PaymentState> [val] declared in com.paytheory.lib.compose.PaymentFormKt.PaymentForm' type=androidx.compose.runtime.State<com.paytheory.lib.model.PaymentViewModel.PaymentState> origin=null
      block: BLOCK type=com.paytheory.lib.compose.PaymentFormKt.PaymentForm.<no name provided> origin=null
        CLASS SUSPEND_LAMBDA CLASS name:<no name provided> modality:FINAL visibility:public/*package*/ superTypes:[kotlin.coroutines.jvm.internal.SuspendLambda; kotlin.jvm.functions.Function2<kotlinx.coroutines.CoroutineScope, kotlin.coroutines.Continuation<kotlin.Unit>?, kotlin.Any?>]
          $this: VALUE_PARAMETER INSTANCE_RECEIVER name:<this> type:com.paytheory.lib.compose.PaymentFormKt.PaymentForm.<no name provided>
          FIELD name:label type:kotlin.Int visibility:public/*package*/
          CONSTRUCTOR SUSPEND_LAMBDA visibility:public/*package*/ <> ($paymentViewState$delegate:androidx.compose.runtime.State<com.paytheory.lib.model.PaymentViewModel.PaymentState>, $clearFormTrigger$delegate:androidx.compose.runtime.MutableState<kotlin.Boolean>, $completion:kotlin.coroutines.Continuation<com.paytheory.lib.compose.PaymentFormKt.PaymentForm.<no name provided>>?) returnType:com.paytheory.lib.compose.PaymentFormKt.PaymentForm.<no name provided> [primary]
            VALUE_PARAMETER BOUND_VALUE_PARAMETER name:$paymentViewState$delegate index:0 type:androidx.compose.runtime.State<com.paytheory.lib.model.PaymentViewModel.PaymentState>
            VALUE_PARAMETER BOUND_VALUE_PARAMETER name:$clearFormTrigger$delegate index:1 type:androidx.compose.runtime.MutableState<kotlin.Boolean>
            VALUE_PARAMETER name:$completion index:2 type:kotlin.coroutines.Continuation<com.paytheory.lib.compose.PaymentFormKt.PaymentForm.<no name provided>>?
            BLOCK_BODY
              SET_FIELD 'FIELD FIELD_FOR_CAPTURED_VALUE name:$paymentViewState$delegate type:androidx.compose.runtime.State<com.paytheory.lib.model.PaymentViewModel.PaymentState> visibility:public/*package*/ [final] declared in com.paytheory.lib.compose.PaymentFormKt.PaymentForm.<no name provided>' type=kotlin.Unit origin=INITIALIZER_OF_FIELD_FOR_CAPTURED_VALUE
                receiver: GET_VAR '<this>: com.paytheory.lib.compose.PaymentFormKt.PaymentForm.<no name provided> declared in com.paytheory.lib.compose.PaymentFormKt.PaymentForm.<no name provided>' type=com.paytheory.lib.compose.PaymentFormKt.PaymentForm.<no name provided> origin=null
                value: GET_VAR '$paymentViewState$delegate: androidx.compose.runtime.State<com.paytheory.lib.model.PaymentViewModel.PaymentState> declared in com.paytheory.lib.compose.PaymentFormKt.PaymentForm.<no name provided>.<init>' type=androidx.compose.runtime.State<com.paytheory.lib.model.PaymentViewModel.PaymentState> origin=null
              SET_FIELD 'FIELD FIELD_FOR_CAPTURED_VALUE name:$clearFormTrigger$delegate type:androidx.compose.runtime.MutableState<kotlin.Boolean> visibility:public/*package*/ [final] declared in com.paytheory.lib.compose.PaymentFormKt.PaymentForm.<no name provided>' type=kotlin.Unit origin=INITIALIZER_OF_FIELD_FOR_CAPTURED_VALUE
                receiver: GET_VAR '<this>: com.paytheory.lib.compose.PaymentFormKt.PaymentForm.<no name provided> declared in com.paytheory.lib.compose.PaymentFormKt.PaymentForm.<no name provided>' type=com.paytheory.lib.compose.PaymentFormKt.PaymentForm.<no name provided> origin=null
                value: GET_VAR '$clearFormTrigger$delegate: androidx.compose.runtime.MutableState<kotlin.Boolean> declared in com.paytheory.lib.compose.PaymentFormKt.PaymentForm.<no name provided>.<init>' type=androidx.compose.runtime.MutableState<kotlin.Boolean> origin=null
              DELEGATING_CONSTRUCTOR_CALL 'public constructor <init> (arity: kotlin.Int, $completion: kotlin.coroutines.Continuation<kotlin.Any?>?) declared in kotlin.coroutines.jvm.internal.SuspendLambda'
                arity: CONST Int type=kotlin.Int value=2
                $completion: GET_VAR '$completion: kotlin.coroutines.Continuation<com.paytheory.lib.compose.PaymentFormKt.PaymentForm.<no name provided>>? declared in com.paytheory.lib.compose.PaymentFormKt.PaymentForm.<no name provided>.<init>' type=kotlin.coroutines.Continuation<com.paytheory.lib.compose.PaymentFormKt.PaymentForm.<no name provided>>? origin=null
              BLOCK type=kotlin.Unit origin=null
          FUN name:invokeSuspend visibility:public modality:FINAL <> ($this:com.paytheory.lib.compose.PaymentFormKt.PaymentForm.<no name provided>, $result:kotlin.Result<kotlin.Any?>) returnType:kotlin.Any?
            overridden:
              protected abstract fun invokeSuspend ($result: kotlin.Result<kotlin.Any?>): kotlin.Any? declared in kotlin.coroutines.jvm.internal.SuspendLambda
            $this: VALUE_PARAMETER INSTANCE_RECEIVER name:<this> type:com.paytheory.lib.compose.PaymentFormKt.PaymentForm.<no name provided>
            VALUE_PARAMETER name:$result index:0 type:kotlin.Result<kotlin.Any?>
            BLOCK_BODY
              COMPOSITE type=kotlin.Unit origin=null
                BLOCK type=kotlin.Any origin=WHEN
                  VAR IR_TEMPORARY_VARIABLE name:tmp0_subject type:com.paytheory.lib.model.PaymentViewModel.PaymentState [val]
                    CALL 'public final fun access$PaymentForm$lambda$3 ($paymentViewState$delegate: androidx.compose.runtime.State<com.paytheory.lib.model.PaymentViewModel.PaymentState>): com.paytheory.lib.model.PaymentViewModel.PaymentState declared in com.paytheory.lib.compose.PaymentFormKt' type=com.paytheory.lib.model.PaymentViewModel.PaymentState origin=GET_LOCAL_PROPERTY
                      $paymentViewState$delegate: GET_FIELD 'FIELD FIELD_FOR_CAPTURED_VALUE name:$paymentViewState$delegate type:androidx.compose.runtime.State<com.paytheory.lib.model.PaymentViewModel.PaymentState> visibility:public/*package*/ [final] declared in com.paytheory.lib.compose.PaymentFormKt.PaymentForm.<no name provided>' type=androidx.compose.runtime.State<com.paytheory.lib.model.PaymentViewModel.PaymentState> origin=null
                        receiver: GET_VAR '<this>: com.paytheory.lib.compose.PaymentFormKt.PaymentForm.<no name provided> declared in com.paytheory.lib.compose.PaymentFormKt.PaymentForm.<no name provided>.invokeSuspend' type=com.paytheory.lib.compose.PaymentFormKt.PaymentForm.<no name provided> origin=null
                  WHEN type=kotlin.Any origin=WHEN
                    BRANCH
                      if: TYPE_OP type=kotlin.Boolean origin=INSTANCEOF typeOperand=com.paytheory.lib.model.PaymentViewModel.PaymentState.Loading
                        GET_VAR 'val tmp0_subject: com.paytheory.lib.model.PaymentViewModel.PaymentState [val] declared in com.paytheory.lib.compose.PaymentFormKt.PaymentForm.<no name provided>.invokeSuspend' type=com.paytheory.lib.model.PaymentViewModel.PaymentState origin=null
                      then: BLOCK type=kotlin.Int origin=null
                        CALL 'public open fun d (p0: @[EnhancedNullability] kotlin.String?, p1: @[EnhancedNullability] kotlin.String): kotlin.Int declared in android.util.Log' type=kotlin.Int origin=null
                          p0: CONST String type=kotlin.String value="PaymentForm"
                          p1: CONST String type=kotlin.String value="Loading"
                    BRANCH
                      if: TYPE_OP type=kotlin.Boolean origin=INSTANCEOF typeOperand=com.paytheory.lib.model.PaymentViewModel.PaymentState.Success
                        GET_VAR 'val tmp0_subject: com.paytheory.lib.model.PaymentViewModel.PaymentState [val] declared in com.paytheory.lib.compose.PaymentFormKt.PaymentForm.<no name provided>.invokeSuspend' type=com.paytheory.lib.model.PaymentViewModel.PaymentState origin=null
                      then: BLOCK type=kotlin.Unit origin=null
                        COMPOSITE type=kotlin.Unit origin=null
                          CALL 'public open fun d (p0: @[EnhancedNullability] kotlin.String?, p1: @[EnhancedNullability] kotlin.String): kotlin.Int declared in android.util.Log' type=kotlin.Int origin=null
                            p0: CONST String type=kotlin.String value="PaymentForm"
                            p1: CONST String type=kotlin.String value="Success"
                          COMPOSITE type=kotlin.Unit origin=null
                        CALL 'public final fun access$PaymentForm$lambda$6 ($clearFormTrigger$delegate: androidx.compose.runtime.MutableState<kotlin.Boolean>, <set-?>: kotlin.Boolean): kotlin.Unit declared in com.paytheory.lib.compose.PaymentFormKt' type=kotlin.Unit origin=EQ
                          $clearFormTrigger$delegate: GET_FIELD 'FIELD FIELD_FOR_CAPTURED_VALUE name:$clearFormTrigger$delegate type:androidx.compose.runtime.MutableState<kotlin.Boolean> visibility:public/*package*/ [final] declared in com.paytheory.lib.compose.PaymentFormKt.PaymentForm.<no name provided>' type=androidx.compose.runtime.MutableState<kotlin.Boolean> origin=null
                            receiver: GET_VAR '<this>: com.paytheory.lib.compose.PaymentFormKt.PaymentForm.<no name provided> declared in com.paytheory.lib.compose.PaymentFormKt.PaymentForm.<no name provided>.invokeSuspend' type=com.paytheory.lib.compose.PaymentFormKt.PaymentForm.<no name provided> origin=null
                          <set-?>: CONST Boolean type=kotlin.Boolean value=true
                    BRANCH
                      if: TYPE_OP type=kotlin.Boolean origin=INSTANCEOF typeOperand=com.paytheory.lib.model.PaymentViewModel.PaymentState.Error
                        GET_VAR 'val tmp0_subject: com.paytheory.lib.model.PaymentViewModel.PaymentState [val] declared in com.paytheory.lib.compose.PaymentFormKt.PaymentForm.<no name provided>.invokeSuspend' type=com.paytheory.lib.model.PaymentViewModel.PaymentState origin=null
                      then: BLOCK type=kotlin.Int origin=null
                        CALL 'public open fun d (p0: @[EnhancedNullability] kotlin.String?, p1: @[EnhancedNullability] kotlin.String): kotlin.Int declared in android.util.Log' type=kotlin.Int origin=null
                          p0: CONST String type=kotlin.String value="PaymentForm"
                          p1: CONST String type=kotlin.String value="Error"
                    BRANCH
                      if: TYPE_OP type=kotlin.Boolean origin=INSTANCEOF typeOperand=com.paytheory.lib.model.PaymentViewModel.PaymentState.Idle
                        GET_VAR 'val tmp0_subject: com.paytheory.lib.model.PaymentViewModel.PaymentState [val] declared in com.paytheory.lib.compose.PaymentFormKt.PaymentForm.<no name provided>.invokeSuspend' type=com.paytheory.lib.model.PaymentViewModel.PaymentState origin=null
                      then: BLOCK type=kotlin.Int origin=null
                        CALL 'public open fun d (p0: @[EnhancedNullability] kotlin.String?, p1: @[EnhancedNullability] kotlin.String): kotlin.Int declared in android.util.Log' type=kotlin.Int origin=null
                          p0: CONST String type=kotlin.String value="PaymentForm"
                          p1: CONST String type=kotlin.String value="Idle"
                    BRANCH
                      if: TYPE_OP type=kotlin.Boolean origin=INSTANCEOF typeOperand=com.paytheory.lib.model.PaymentViewModel.PaymentState.ValidAndReady
                        GET_VAR 'val tmp0_subject: com.paytheory.lib.model.PaymentViewModel.PaymentState [val] declared in com.paytheory.lib.compose.PaymentFormKt.PaymentForm.<no name provided>.invokeSuspend' type=com.paytheory.lib.model.PaymentViewModel.PaymentState origin=null
                      then: BLOCK type=kotlin.Int origin=null
                        CALL 'public open fun d (p0: @[EnhancedNullability] kotlin.String?, p1: @[EnhancedNullability] kotlin.String): kotlin.Int declared in android.util.Log' type=kotlin.Int origin=null
                          p0: CONST String type=kotlin.String value="PaymentForm"
                          p1: CONST String type=kotlin.String value="ValidAndReady"
                    BRANCH
                      if: TYPE_OP type=kotlin.Boolean origin=INSTANCEOF typeOperand=com.paytheory.lib.model.PaymentViewModel.PaymentState.Processing
                        GET_VAR 'val tmp0_subject: com.paytheory.lib.model.PaymentViewModel.PaymentState [val] declared in com.paytheory.lib.compose.PaymentFormKt.PaymentForm.<no name provided>.invokeSuspend' type=com.paytheory.lib.model.PaymentViewModel.PaymentState origin=null
                      then: BLOCK type=kotlin.Int origin=null
                        CALL 'public open fun d (p0: @[EnhancedNullability] kotlin.String?, p1: @[EnhancedNullability] kotlin.String): kotlin.Int declared in android.util.Log' type=kotlin.Int origin=null
                          p0: CONST String type=kotlin.String value="PaymentForm"
                          p1: CONST String type=kotlin.String value="Processing"
                    BRANCH
                      if: CONST Boolean type=kotlin.Boolean value=true
                      then: BLOCK type=kotlin.Nothing origin=null
                        CALL 'public final fun noWhenBranchMatchedException (): kotlin.Nothing declared in kotlin.internal.ir' type=kotlin.Nothing origin=null
                        CALL 'public final fun throwKotlinNothingValueException (): kotlin.Nothing declared in kotlin.jvm.internal.Intrinsics' type=kotlin.Nothing origin=null
                COMPOSITE type=kotlin.Unit origin=null
          FUN name:create visibility:public modality:FINAL <> ($this:com.paytheory.lib.compose.PaymentFormKt.PaymentForm.<no name provided>, value:kotlin.Any?, $completion:kotlin.coroutines.Continuation<kotlin.Nothing>) returnType:kotlin.coroutines.Continuation<kotlin.Unit>
            overridden:
              public open fun create (value: kotlin.Any?, $completion: kotlin.coroutines.Continuation<kotlin.Nothing>): kotlin.coroutines.Continuation<kotlin.Unit> declared in kotlin.coroutines.jvm.internal.SuspendLambda
            $this: VALUE_PARAMETER INSTANCE_RECEIVER name:<this> type:com.paytheory.lib.compose.PaymentFormKt.PaymentForm.<no name provided>
            VALUE_PARAMETER name:value index:0 type:kotlin.Any?
            VALUE_PARAMETER name:$completion index:1 type:kotlin.coroutines.Continuation<kotlin.Nothing>
            BLOCK_BODY
              RETURN type=kotlin.Nothing from='public final fun create (value: kotlin.Any?, $completion: kotlin.coroutines.Continuation<kotlin.Nothing>): kotlin.coroutines.Continuation<kotlin.Unit> declared in com.paytheory.lib.compose.PaymentFormKt.PaymentForm.<no name provided>'
                CONSTRUCTOR_CALL 'public/*package*/ constructor <init> ($paymentViewState$delegate: androidx.compose.runtime.State<com.paytheory.lib.model.PaymentViewModel.PaymentState>, $clearFormTrigger$delegate: androidx.compose.runtime.MutableState<kotlin.Boolean>, $completion: kotlin.coroutines.Continuation<com.paytheory.lib.compose.PaymentFormKt.PaymentForm.<no name provided>>?) [primary] declared in com.paytheory.lib.compose.PaymentFormKt.PaymentForm.<no name provided>' type=com.paytheory.lib.compose.PaymentFormKt.PaymentForm.<no name provided> origin=null
                  $paymentViewState$delegate: GET_FIELD 'FIELD FIELD_FOR_CAPTURED_VALUE name:$paymentViewState$delegate type:androidx.compose.runtime.State<com.paytheory.lib.model.PaymentViewModel.PaymentState> visibility:public/*package*/ [final] declared in com.paytheory.lib.compose.PaymentFormKt.PaymentForm.<no name provided>' type=androidx.compose.runtime.State<com.paytheory.lib.model.PaymentViewModel.PaymentState> origin=null
                    receiver: GET_VAR '<this>: com.paytheory.lib.compose.PaymentFormKt.PaymentForm.<no name provided> declared in com.paytheory.lib.compose.PaymentFormKt.PaymentForm.<no name provided>.create' type=com.paytheory.lib.compose.PaymentFormKt.PaymentForm.<no name provided> origin=null
                  $clearFormTrigger$delegate: GET_FIELD 'FIELD FIELD_FOR_CAPTURED_VALUE name:$clearFormTrigger$delegate type:androidx.compose.runtime.MutableState<kotlin.Boolean> visibility:public/*package*/ [final] declared in com.paytheory.lib.compose.PaymentFormKt.PaymentForm.<no name provided>' type=androidx.compose.runtime.MutableState<kotlin.Boolean> origin=null
                    receiver: GET_VAR '<this>: com.paytheory.lib.compose.PaymentFormKt.PaymentForm.<no name provided> declared in com.paytheory.lib.compose.PaymentFormKt.PaymentForm.<no name provided>.create' type=com.paytheory.lib.compose.PaymentFormKt.PaymentForm.<no name provided> origin=null
                  $completion: GET_VAR '$completion: kotlin.coroutines.Continuation<kotlin.Nothing> declared in com.paytheory.lib.compose.PaymentFormKt.PaymentForm.<no name provided>.create' type=kotlin.coroutines.Continuation<kotlin.Nothing> origin=null
          FUN name:invoke visibility:public modality:FINAL <> ($this:com.paytheory.lib.compose.PaymentFormKt.PaymentForm.<no name provided>, p1:kotlinx.coroutines.CoroutineScope, p2:kotlin.coroutines.Continuation<kotlin.Unit>?) returnType:kotlin.Any?
            overridden:
              public abstract fun invoke (p1: P1 of kotlin.jvm.functions.Function2, p2: P2 of kotlin.jvm.functions.Function2): R of kotlin.jvm.functions.Function2 declared in kotlin.jvm.functions.Function2
            $this: VALUE_PARAMETER INSTANCE_RECEIVER name:<this> type:com.paytheory.lib.compose.PaymentFormKt.PaymentForm.<no name provided>
            VALUE_PARAMETER name:p1 index:0 type:kotlinx.coroutines.CoroutineScope
            VALUE_PARAMETER name:p2 index:1 type:kotlin.coroutines.Continuation<kotlin.Unit>?
            BLOCK_BODY
              RETURN type=kotlin.Nothing from='public final fun invoke (p1: kotlinx.coroutines.CoroutineScope, p2: kotlin.coroutines.Continuation<kotlin.Unit>?): kotlin.Any? declared in com.paytheory.lib.compose.PaymentFormKt.PaymentForm.<no name provided>'
                CALL 'public final fun invokeSuspend ($result: kotlin.Result<kotlin.Any?>): kotlin.Any? declared in com.paytheory.lib.compose.PaymentFormKt.PaymentForm.<no name provided>' type=kotlin.Any? origin=null
                  $this: TYPE_OP type=com.paytheory.lib.compose.PaymentFormKt.PaymentForm.<no name provided> origin=IMPLICIT_CAST typeOperand=com.paytheory.lib.compose.PaymentFormKt.PaymentForm.<no name provided>
                    CALL 'public final fun create (value: kotlin.Any?, $completion: kotlin.coroutines.Continuation<kotlin.Nothing>): kotlin.coroutines.Continuation<kotlin.Unit> declared in com.paytheory.lib.compose.PaymentFormKt.PaymentForm.<no name provided>' type=kotlin.coroutines.Continuation<kotlin.Unit> origin=null
                      $this: GET_VAR '<this>: com.paytheory.lib.compose.PaymentFormKt.PaymentForm.<no name provided> declared in com.paytheory.lib.compose.PaymentFormKt.PaymentForm.<no name provided>.invoke' type=com.paytheory.lib.compose.PaymentFormKt.PaymentForm.<no name provided> origin=null
                      value: GET_VAR 'p1: kotlinx.coroutines.CoroutineScope declared in com.paytheory.lib.compose.PaymentFormKt.PaymentForm.<no name provided>.invoke' type=kotlinx.coroutines.CoroutineScope origin=null
                      $completion: GET_VAR 'p2: kotlin.coroutines.Continuation<kotlin.Unit>? declared in com.paytheory.lib.compose.PaymentFormKt.PaymentForm.<no name provided>.invoke' type=kotlin.coroutines.Continuation<kotlin.Unit>? origin=null
                  $result: CALL 'public final fun <unsafe-coerce> <T, R> (v: T of kotlin.jvm.internal.<unsafe-coerce>): R of kotlin.jvm.internal.<unsafe-coerce> declared in kotlin.jvm.internal' type=kotlin.Result<kotlin.Any?> origin=null
                    <T>: kotlin.Any?
                    <R>: kotlin.Result<kotlin.Any?>
                    v: GET_FIELD 'FIELD FIELD_FOR_OBJECT_INSTANCE name:INSTANCE type:kotlin.Unit visibility:public [final,static] declared in kotlin.Unit' type=kotlin.Unit origin=null
          FIELD FIELD_FOR_CAPTURED_VALUE name:$paymentViewState$delegate type:androidx.compose.runtime.State<com.paytheory.lib.model.PaymentViewModel.PaymentState> visibility:public/*package*/ [final]
          FIELD FIELD_FOR_CAPTURED_VALUE name:$clearFormTrigger$delegate type:androidx.compose.runtime.MutableState<kotlin.Boolean> visibility:public/*package*/ [final]
          FUN BRIDGE name:invoke visibility:public modality:OPEN <> ($this:com.paytheory.lib.compose.PaymentFormKt.PaymentForm.<no name provided>, p1:kotlin.Any?, p2:kotlin.Any?) returnType:kotlin.Any?
            $this: VALUE_PARAMETER INSTANCE_RECEIVER name:<this> type:com.paytheory.lib.compose.PaymentFormKt.PaymentForm.<no name provided>
            VALUE_PARAMETER BRIDGE name:p1 index:0 type:kotlin.Any?
            VALUE_PARAMETER BRIDGE name:p2 index:1 type:kotlin.Any?
            EXPRESSION_BODY
              RETURN type=kotlin.Nothing from='public open fun invoke (p1: kotlin.Any?, p2: kotlin.Any?): kotlin.Any? declared in com.paytheory.lib.compose.PaymentFormKt.PaymentForm.<no name provided>'
                CALL 'public final fun invoke (p1: kotlinx.coroutines.CoroutineScope, p2: kotlin.coroutines.Continuation<kotlin.Unit>?): kotlin.Any? declared in com.paytheory.lib.compose.PaymentFormKt.PaymentForm.<no name provided>' type=kotlin.Any? origin=BRIDGE_DELEGATION
                  $this: GET_VAR '<this>: com.paytheory.lib.compose.PaymentFormKt.PaymentForm.<no name provided> declared in com.paytheory.lib.compose.PaymentFormKt.PaymentForm.<no name provided>.invoke' type=com.paytheory.lib.compose.PaymentFormKt.PaymentForm.<no name provided> origin=null
                  p1: TYPE_OP type=kotlinx.coroutines.CoroutineScope origin=IMPLICIT_CAST typeOperand=kotlinx.coroutines.CoroutineScope
                    GET_VAR 'p1: kotlin.Any? declared in com.paytheory.lib.compose.PaymentFormKt.PaymentForm.<no name provided>.invoke' type=kotlin.Any? origin=null
                  p2: TYPE_OP type=kotlin.coroutines.Continuation<*> origin=IMPLICIT_CAST typeOperand=kotlin.coroutines.Continuation<*>
                    GET_VAR 'p2: kotlin.Any? declared in com.paytheory.lib.compose.PaymentFormKt.PaymentForm.<no name provided>.invoke' type=kotlin.Any? origin=null
        CONSTRUCTOR_CALL 'public/*package*/ constructor <init> ($paymentViewState$delegate: androidx.compose.runtime.State<com.paytheory.lib.model.PaymentViewModel.PaymentState>, $clearFormTrigger$delegate: androidx.compose.runtime.MutableState<kotlin.Boolean>, $completion: kotlin.coroutines.Continuation<com.paytheory.lib.compose.PaymentFormKt.PaymentForm.<no name provided>>?) [primary] declared in com.paytheory.lib.compose.PaymentFormKt.PaymentForm.<no name provided>' type=com.paytheory.lib.compose.PaymentFormKt.PaymentForm.<no name provided> origin=null
          $paymentViewState$delegate: GET_VAR 'val paymentViewState$delegate: androidx.compose.runtime.State<com.paytheory.lib.model.PaymentViewModel.PaymentState> [val] declared in com.paytheory.lib.compose.PaymentFormKt.PaymentForm' type=androidx.compose.runtime.State<com.paytheory.lib.model.PaymentViewModel.PaymentState> origin=null
          $clearFormTrigger$delegate: GET_VAR 'val clearFormTrigger$delegate: androidx.compose.runtime.MutableState<kotlin.Boolean> [val] declared in com.paytheory.lib.compose.PaymentFormKt.PaymentForm' type=androidx.compose.runtime.MutableState<kotlin.Boolean> origin=null
          $completion: CONST Null type=kotlin.Nothing? value=null
    CALL 'public final fun LaunchedEffect (key1: kotlin.Any?, block: @[ExtensionFunctionType] kotlin.coroutines.SuspendFunction1<kotlinx.coroutines.CoroutineScope, kotlin.Unit>): kotlin.Unit declared in androidx.compose.runtime.EffectsKt' type=kotlin.Unit origin=null
      key1: CALL 'private final fun PaymentForm$lambda$5 ($clearFormTrigger$delegate: androidx.compose.runtime.MutableState<kotlin.Boolean>): kotlin.Boolean declared in com.paytheory.lib.compose.PaymentFormKt' type=kotlin.Boolean origin=GET_LOCAL_PROPERTY
        $clearFormTrigger$delegate: GET_VAR 'val clearFormTrigger$delegate: androidx.compose.runtime.MutableState<kotlin.Boolean> [val] declared in com.paytheory.lib.compose.PaymentFormKt.PaymentForm' type=androidx.compose.runtime.MutableState<kotlin.Boolean> origin=null
      block: BLOCK type=com.paytheory.lib.compose.PaymentFormKt.PaymentForm.<no name provided> origin=null
        CLASS SUSPEND_LAMBDA CLASS name:<no name provided> modality:FINAL visibility:public/*package*/ superTypes:[kotlin.coroutines.jvm.internal.SuspendLambda; kotlin.jvm.functions.Function2<kotlinx.coroutines.CoroutineScope, kotlin.coroutines.Continuation<kotlin.Unit>?, kotlin.Any?>]
          $this: VALUE_PARAMETER INSTANCE_RECEIVER name:<this> type:com.paytheory.lib.compose.PaymentFormKt.PaymentForm.<no name provided>
          FIELD name:label type:kotlin.Int visibility:public/*package*/
          CONSTRUCTOR SUSPEND_LAMBDA visibility:public/*package*/ <> ($viewModel:com.paytheory.lib.model.PaymentViewModel, $clearFormTrigger$delegate:androidx.compose.runtime.MutableState<kotlin.Boolean>, $completion:kotlin.coroutines.Continuation<com.paytheory.lib.compose.PaymentFormKt.PaymentForm.<no name provided>>?) returnType:com.paytheory.lib.compose.PaymentFormKt.PaymentForm.<no name provided> [primary]
            VALUE_PARAMETER BOUND_VALUE_PARAMETER name:$viewModel index:0 type:com.paytheory.lib.model.PaymentViewModel
            VALUE_PARAMETER BOUND_VALUE_PARAMETER name:$clearFormTrigger$delegate index:1 type:androidx.compose.runtime.MutableState<kotlin.Boolean>
            VALUE_PARAMETER name:$completion index:2 type:kotlin.coroutines.Continuation<com.paytheory.lib.compose.PaymentFormKt.PaymentForm.<no name provided>>?
            BLOCK_BODY
              SET_FIELD 'FIELD FIELD_FOR_CAPTURED_VALUE name:$viewModel type:com.paytheory.lib.model.PaymentViewModel visibility:public/*package*/ [final] declared in com.paytheory.lib.compose.PaymentFormKt.PaymentForm.<no name provided>' type=kotlin.Unit origin=INITIALIZER_OF_FIELD_FOR_CAPTURED_VALUE
                receiver: GET_VAR '<this>: com.paytheory.lib.compose.PaymentFormKt.PaymentForm.<no name provided> declared in com.paytheory.lib.compose.PaymentFormKt.PaymentForm.<no name provided>' type=com.paytheory.lib.compose.PaymentFormKt.PaymentForm.<no name provided> origin=null
                value: GET_VAR '$viewModel: com.paytheory.lib.model.PaymentViewModel declared in com.paytheory.lib.compose.PaymentFormKt.PaymentForm.<no name provided>.<init>' type=com.paytheory.lib.model.PaymentViewModel origin=null
              SET_FIELD 'FIELD FIELD_FOR_CAPTURED_VALUE name:$clearFormTrigger$delegate type:androidx.compose.runtime.MutableState<kotlin.Boolean> visibility:public/*package*/ [final] declared in com.paytheory.lib.compose.PaymentFormKt.PaymentForm.<no name provided>' type=kotlin.Unit origin=INITIALIZER_OF_FIELD_FOR_CAPTURED_VALUE
                receiver: GET_VAR '<this>: com.paytheory.lib.compose.PaymentFormKt.PaymentForm.<no name provided> declared in com.paytheory.lib.compose.PaymentFormKt.PaymentForm.<no name provided>' type=com.paytheory.lib.compose.PaymentFormKt.PaymentForm.<no name provided> origin=null
                value: GET_VAR '$clearFormTrigger$delegate: androidx.compose.runtime.MutableState<kotlin.Boolean> declared in com.paytheory.lib.compose.PaymentFormKt.PaymentForm.<no name provided>.<init>' type=androidx.compose.runtime.MutableState<kotlin.Boolean> origin=null
              DELEGATING_CONSTRUCTOR_CALL 'public constructor <init> (arity: kotlin.Int, $completion: kotlin.coroutines.Continuation<kotlin.Any?>?) declared in kotlin.coroutines.jvm.internal.SuspendLambda'
                arity: CONST Int type=kotlin.Int value=2
                $completion: GET_VAR '$completion: kotlin.coroutines.Continuation<com.paytheory.lib.compose.PaymentFormKt.PaymentForm.<no name provided>>? declared in com.paytheory.lib.compose.PaymentFormKt.PaymentForm.<no name provided>.<init>' type=kotlin.coroutines.Continuation<com.paytheory.lib.compose.PaymentFormKt.PaymentForm.<no name provided>>? origin=null
              BLOCK type=kotlin.Unit origin=null
          FUN name:invokeSuspend visibility:public modality:FINAL <> ($this:com.paytheory.lib.compose.PaymentFormKt.PaymentForm.<no name provided>, $result:kotlin.Result<kotlin.Any?>) returnType:kotlin.Any?
            overridden:
              protected abstract fun invokeSuspend ($result: kotlin.Result<kotlin.Any?>): kotlin.Any? declared in kotlin.coroutines.jvm.internal.SuspendLambda
            $this: VALUE_PARAMETER INSTANCE_RECEIVER name:<this> type:com.paytheory.lib.compose.PaymentFormKt.PaymentForm.<no name provided>
            VALUE_PARAMETER name:$result index:0 type:kotlin.Result<kotlin.Any?>
            BLOCK_BODY
              WHEN type=kotlin.Unit origin=IF
                BRANCH
                  if: CALL 'public final fun access$PaymentForm$lambda$5 ($clearFormTrigger$delegate: androidx.compose.runtime.MutableState<kotlin.Boolean>): kotlin.Boolean declared in com.paytheory.lib.compose.PaymentFormKt' type=kotlin.Boolean origin=GET_LOCAL_PROPERTY
                    $clearFormTrigger$delegate: GET_FIELD 'FIELD FIELD_FOR_CAPTURED_VALUE name:$clearFormTrigger$delegate type:androidx.compose.runtime.MutableState<kotlin.Boolean> visibility:public/*package*/ [final] declared in com.paytheory.lib.compose.PaymentFormKt.PaymentForm.<no name provided>' type=androidx.compose.runtime.MutableState<kotlin.Boolean> origin=null
                      receiver: GET_VAR '<this>: com.paytheory.lib.compose.PaymentFormKt.PaymentForm.<no name provided> declared in com.paytheory.lib.compose.PaymentFormKt.PaymentForm.<no name provided>.invokeSuspend' type=com.paytheory.lib.compose.PaymentFormKt.PaymentForm.<no name provided> origin=null
                  then: BLOCK type=kotlin.Unit origin=null
                    CALL 'internal final fun clearSensitiveData (): kotlin.Unit declared in com.paytheory.lib.model.PaymentViewModel' type=kotlin.Unit origin=null
                      $this: GET_FIELD 'FIELD FIELD_FOR_CAPTURED_VALUE name:$viewModel type:com.paytheory.lib.model.PaymentViewModel visibility:public/*package*/ [final] declared in com.paytheory.lib.compose.PaymentFormKt.PaymentForm.<no name provided>' type=com.paytheory.lib.model.PaymentViewModel origin=null
                        receiver: GET_VAR '<this>: com.paytheory.lib.compose.PaymentFormKt.PaymentForm.<no name provided> declared in com.paytheory.lib.compose.PaymentFormKt.PaymentForm.<no name provided>.invokeSuspend' type=com.paytheory.lib.compose.PaymentFormKt.PaymentForm.<no name provided> origin=null
                    COMPOSITE type=kotlin.Unit origin=null
                      CALL 'public open fun d (p0: @[EnhancedNullability] kotlin.String?, p1: @[EnhancedNullability] kotlin.String): kotlin.Int declared in android.util.Log' type=kotlin.Int origin=null
                        p0: CONST String type=kotlin.String value="PaymentForm"
                        p1: CONST String type=kotlin.String value="clearFormTrigger"
                      COMPOSITE type=kotlin.Unit origin=null
                    CALL 'public final fun access$PaymentForm$lambda$6 ($clearFormTrigger$delegate: androidx.compose.runtime.MutableState<kotlin.Boolean>, <set-?>: kotlin.Boolean): kotlin.Unit declared in com.paytheory.lib.compose.PaymentFormKt' type=kotlin.Unit origin=EQ
                      $clearFormTrigger$delegate: GET_FIELD 'FIELD FIELD_FOR_CAPTURED_VALUE name:$clearFormTrigger$delegate type:androidx.compose.runtime.MutableState<kotlin.Boolean> visibility:public/*package*/ [final] declared in com.paytheory.lib.compose.PaymentFormKt.PaymentForm.<no name provided>' type=androidx.compose.runtime.MutableState<kotlin.Boolean> origin=null
                        receiver: GET_VAR '<this>: com.paytheory.lib.compose.PaymentFormKt.PaymentForm.<no name provided> declared in com.paytheory.lib.compose.PaymentFormKt.PaymentForm.<no name provided>.invokeSuspend' type=com.paytheory.lib.compose.PaymentFormKt.PaymentForm.<no name provided> origin=null
                      <set-?>: CONST Boolean type=kotlin.Boolean value=false
          FUN name:create visibility:public modality:FINAL <> ($this:com.paytheory.lib.compose.PaymentFormKt.PaymentForm.<no name provided>, value:kotlin.Any?, $completion:kotlin.coroutines.Continuation<kotlin.Nothing>) returnType:kotlin.coroutines.Continuation<kotlin.Unit>
            overridden:
              public open fun create (value: kotlin.Any?, $completion: kotlin.coroutines.Continuation<kotlin.Nothing>): kotlin.coroutines.Continuation<kotlin.Unit> declared in kotlin.coroutines.jvm.internal.SuspendLambda
            $this: VALUE_PARAMETER INSTANCE_RECEIVER name:<this> type:com.paytheory.lib.compose.PaymentFormKt.PaymentForm.<no name provided>
            VALUE_PARAMETER name:value index:0 type:kotlin.Any?
            VALUE_PARAMETER name:$completion index:1 type:kotlin.coroutines.Continuation<kotlin.Nothing>
            BLOCK_BODY
              RETURN type=kotlin.Nothing from='public final fun create (value: kotlin.Any?, $completion: kotlin.coroutines.Continuation<kotlin.Nothing>): kotlin.coroutines.Continuation<kotlin.Unit> declared in com.paytheory.lib.compose.PaymentFormKt.PaymentForm.<no name provided>'
                CONSTRUCTOR_CALL 'public/*package*/ constructor <init> ($viewModel: com.paytheory.lib.model.PaymentViewModel, $clearFormTrigger$delegate: androidx.compose.runtime.MutableState<kotlin.Boolean>, $completion: kotlin.coroutines.Continuation<com.paytheory.lib.compose.PaymentFormKt.PaymentForm.<no name provided>>?) [primary] declared in com.paytheory.lib.compose.PaymentFormKt.PaymentForm.<no name provided>' type=com.paytheory.lib.compose.PaymentFormKt.PaymentForm.<no name provided> origin=null
                  $viewModel: GET_FIELD 'FIELD FIELD_FOR_CAPTURED_VALUE name:$viewModel type:com.paytheory.lib.model.PaymentViewModel visibility:public/*package*/ [final] declared in com.paytheory.lib.compose.PaymentFormKt.PaymentForm.<no name provided>' type=com.paytheory.lib.model.PaymentViewModel origin=null
                    receiver: GET_VAR '<this>: com.paytheory.lib.compose.PaymentFormKt.PaymentForm.<no name provided> declared in com.paytheory.lib.compose.PaymentFormKt.PaymentForm.<no name provided>.create' type=com.paytheory.lib.compose.PaymentFormKt.PaymentForm.<no name provided> origin=null
                  $clearFormTrigger$delegate: GET_FIELD 'FIELD FIELD_FOR_CAPTURED_VALUE name:$clearFormTrigger$delegate type:androidx.compose.runtime.MutableState<kotlin.Boolean> visibility:public/*package*/ [final] declared in com.paytheory.lib.compose.PaymentFormKt.PaymentForm.<no name provided>' type=androidx.compose.runtime.MutableState<kotlin.Boolean> origin=null
                    receiver: GET_VAR '<this>: com.paytheory.lib.compose.PaymentFormKt.PaymentForm.<no name provided> declared in com.paytheory.lib.compose.PaymentFormKt.PaymentForm.<no name provided>.create' type=com.paytheory.lib.compose.PaymentFormKt.PaymentForm.<no name provided> origin=null
                  $completion: GET_VAR '$completion: kotlin.coroutines.Continuation<kotlin.Nothing> declared in com.paytheory.lib.compose.PaymentFormKt.PaymentForm.<no name provided>.create' type=kotlin.coroutines.Continuation<kotlin.Nothing> origin=null
          FUN name:invoke visibility:public modality:FINAL <> ($this:com.paytheory.lib.compose.PaymentFormKt.PaymentForm.<no name provided>, p1:kotlinx.coroutines.CoroutineScope, p2:kotlin.coroutines.Continuation<kotlin.Unit>?) returnType:kotlin.Any?
            overridden:
              public abstract fun invoke (p1: P1 of kotlin.jvm.functions.Function2, p2: P2 of kotlin.jvm.functions.Function2): R of kotlin.jvm.functions.Function2 declared in kotlin.jvm.functions.Function2
            $this: VALUE_PARAMETER INSTANCE_RECEIVER name:<this> type:com.paytheory.lib.compose.PaymentFormKt.PaymentForm.<no name provided>
            VALUE_PARAMETER name:p1 index:0 type:kotlinx.coroutines.CoroutineScope
            VALUE_PARAMETER name:p2 index:1 type:kotlin.coroutines.Continuation<kotlin.Unit>?
            BLOCK_BODY
              RETURN type=kotlin.Nothing from='public final fun invoke (p1: kotlinx.coroutines.CoroutineScope, p2: kotlin.coroutines.Continuation<kotlin.Unit>?): kotlin.Any? declared in com.paytheory.lib.compose.PaymentFormKt.PaymentForm.<no name provided>'
                CALL 'public final fun invokeSuspend ($result: kotlin.Result<kotlin.Any?>): kotlin.Any? declared in com.paytheory.lib.compose.PaymentFormKt.PaymentForm.<no name provided>' type=kotlin.Any? origin=null
                  $this: TYPE_OP type=com.paytheory.lib.compose.PaymentFormKt.PaymentForm.<no name provided> origin=IMPLICIT_CAST typeOperand=com.paytheory.lib.compose.PaymentFormKt.PaymentForm.<no name provided>
                    CALL 'public final fun create (value: kotlin.Any?, $completion: kotlin.coroutines.Continuation<kotlin.Nothing>): kotlin.coroutines.Continuation<kotlin.Unit> declared in com.paytheory.lib.compose.PaymentFormKt.PaymentForm.<no name provided>' type=kotlin.coroutines.Continuation<kotlin.Unit> origin=null
                      $this: GET_VAR '<this>: com.paytheory.lib.compose.PaymentFormKt.PaymentForm.<no name provided> declared in com.paytheory.lib.compose.PaymentFormKt.PaymentForm.<no name provided>.invoke' type=com.paytheory.lib.compose.PaymentFormKt.PaymentForm.<no name provided> origin=null
                      value: GET_VAR 'p1: kotlinx.coroutines.CoroutineScope declared in com.paytheory.lib.compose.PaymentFormKt.PaymentForm.<no name provided>.invoke' type=kotlinx.coroutines.CoroutineScope origin=null
                      $completion: GET_VAR 'p2: kotlin.coroutines.Continuation<kotlin.Unit>? declared in com.paytheory.lib.compose.PaymentFormKt.PaymentForm.<no name provided>.invoke' type=kotlin.coroutines.Continuation<kotlin.Unit>? origin=null
                  $result: CALL 'public final fun <unsafe-coerce> <T, R> (v: T of kotlin.jvm.internal.<unsafe-coerce>): R of kotlin.jvm.internal.<unsafe-coerce> declared in kotlin.jvm.internal' type=kotlin.Result<kotlin.Any?> origin=null
                    <T>: kotlin.Any?
                    <R>: kotlin.Result<kotlin.Any?>
                    v: GET_FIELD 'FIELD FIELD_FOR_OBJECT_INSTANCE name:INSTANCE type:kotlin.Unit visibility:public [final,static] declared in kotlin.Unit' type=kotlin.Unit origin=null
          FIELD FIELD_FOR_CAPTURED_VALUE name:$viewModel type:com.paytheory.lib.model.PaymentViewModel visibility:public/*package*/ [final]
          FIELD FIELD_FOR_CAPTURED_VALUE name:$clearFormTrigger$delegate type:androidx.compose.runtime.MutableState<kotlin.Boolean> visibility:public/*package*/ [final]
          FUN BRIDGE name:invoke visibility:public modality:OPEN <> ($this:com.paytheory.lib.compose.PaymentFormKt.PaymentForm.<no name provided>, p1:kotlin.Any?, p2:kotlin.Any?) returnType:kotlin.Any?
            $this: VALUE_PARAMETER INSTANCE_RECEIVER name:<this> type:com.paytheory.lib.compose.PaymentFormKt.PaymentForm.<no name provided>
            VALUE_PARAMETER BRIDGE name:p1 index:0 type:kotlin.Any?
            VALUE_PARAMETER BRIDGE name:p2 index:1 type:kotlin.Any?
            EXPRESSION_BODY
              RETURN type=kotlin.Nothing from='public open fun invoke (p1: kotlin.Any?, p2: kotlin.Any?): kotlin.Any? declared in com.paytheory.lib.compose.PaymentFormKt.PaymentForm.<no name provided>'
                CALL 'public final fun invoke (p1: kotlinx.coroutines.CoroutineScope, p2: kotlin.coroutines.Continuation<kotlin.Unit>?): kotlin.Any? declared in com.paytheory.lib.compose.PaymentFormKt.PaymentForm.<no name provided>' type=kotlin.Any? origin=BRIDGE_DELEGATION
                  $this: GET_VAR '<this>: com.paytheory.lib.compose.PaymentFormKt.PaymentForm.<no name provided> declared in com.paytheory.lib.compose.PaymentFormKt.PaymentForm.<no name provided>.invoke' type=com.paytheory.lib.compose.PaymentFormKt.PaymentForm.<no name provided> origin=null
                  p1: TYPE_OP type=kotlinx.coroutines.CoroutineScope origin=IMPLICIT_CAST typeOperand=kotlinx.coroutines.CoroutineScope
                    GET_VAR 'p1: kotlin.Any? declared in com.paytheory.lib.compose.PaymentFormKt.PaymentForm.<no name provided>.invoke' type=kotlin.Any? origin=null
                  p2: TYPE_OP type=kotlin.coroutines.Continuation<*> origin=IMPLICIT_CAST typeOperand=kotlin.coroutines.Continuation<*>
                    GET_VAR 'p2: kotlin.Any? declared in com.paytheory.lib.compose.PaymentFormKt.PaymentForm.<no name provided>.invoke' type=kotlin.Any? origin=null
        CONSTRUCTOR_CALL 'public/*package*/ constructor <init> ($viewModel: com.paytheory.lib.model.PaymentViewModel, $clearFormTrigger$delegate: androidx.compose.runtime.MutableState<kotlin.Boolean>, $completion: kotlin.coroutines.Continuation<com.paytheory.lib.compose.PaymentFormKt.PaymentForm.<no name provided>>?) [primary] declared in com.paytheory.lib.compose.PaymentFormKt.PaymentForm.<no name provided>' type=com.paytheory.lib.compose.PaymentFormKt.PaymentForm.<no name provided> origin=null
          $viewModel: GET_VAR 'val viewModel: com.paytheory.lib.model.PaymentViewModel [val] declared in com.paytheory.lib.compose.PaymentFormKt.PaymentForm' type=com.paytheory.lib.model.PaymentViewModel origin=null
          $clearFormTrigger$delegate: GET_VAR 'val clearFormTrigger$delegate: androidx.compose.runtime.MutableState<kotlin.Boolean> [val] declared in com.paytheory.lib.compose.PaymentFormKt.PaymentForm' type=androidx.compose.runtime.MutableState<kotlin.Boolean> origin=null
          $completion: CONST Null type=kotlin.Nothing? value=null
    CALL 'public final fun Column$default (modifier: androidx.compose.ui.Modifier?, verticalArrangement: androidx.compose.foundation.layout.Arrangement.Vertical?, horizontalAlignment: androidx.compose.ui.Alignment.Horizontal?, content: @[Composable] @[ExtensionFunctionType] kotlin.Function1<androidx.compose.foundation.layout.ColumnScope, kotlin.Unit>, $mask0: kotlin.Int, $handler: kotlin.Any?): kotlin.Unit [inline] declared in androidx.compose.foundation.layout.ColumnKt' type=kotlin.Unit origin=DEFAULT_DISPATCH_CALL
      modifier: CALL 'public final fun fillMaxWidth$default (fraction: kotlin.Float, $mask0: kotlin.Int, $handler: kotlin.Any?): androidx.compose.ui.Modifier declared in androidx.compose.foundation.layout.SizeKt' type=androidx.compose.ui.Modifier origin=DEFAULT_DISPATCH_CALL
        $receiver: GET_FIELD 'FIELD FIELD_FOR_OBJECT_INSTANCE name:Companion type:androidx.compose.ui.Modifier.Companion visibility:public [final,static] declared in androidx.compose.ui.Modifier' type=androidx.compose.ui.Modifier.Companion origin=null
        fraction: COMPOSITE type=kotlin.Float origin=DEFAULT_VALUE
          CONST Float type=kotlin.Float value=0.0
        $mask0: CONST Int type=kotlin.Int value=1
        $handler: CONST Null type=kotlin.Any? value=null
      verticalArrangement: COMPOSITE type=androidx.compose.foundation.layout.Arrangement.Vertical? origin=DEFAULT_VALUE
        CONST Null type=androidx.compose.foundation.layout.Arrangement.Vertical? value=null
      horizontalAlignment: COMPOSITE type=androidx.compose.ui.Alignment.Horizontal? origin=DEFAULT_VALUE
        CONST Null type=androidx.compose.ui.Alignment.Horizontal? value=null
      content: BLOCK type=@[ExtensionFunctionType] kotlin.Function1<androidx.compose.foundation.layout.ColumnScope, kotlin.Unit> origin=LAMBDA
        COMPOSITE type=kotlin.Unit origin=null
        FUNCTION_REFERENCE 'private final fun PaymentForm$lambda$25 ($viewModel: com.paytheory.lib.model.PaymentViewModel, $payable: com.paytheory.lib.Payable, $configuration: com.paytheory.lib.PayTheoryConfiguration, $validator: com.paytheory.lib.valid.Validator, $modifier: androidx.compose.ui.Modifier, $paymentViewState$delegate: androidx.compose.runtime.State<com.paytheory.lib.model.PaymentViewModel.PaymentState>): kotlin.Unit declared in com.paytheory.lib.compose.PaymentFormKt' type=@[ExtensionFunctionType] kotlin.Function1<androidx.compose.foundation.layout.ColumnScope, kotlin.Unit> origin=INLINE_LAMBDA reflectionTarget=null
          $viewModel: GET_VAR 'val viewModel: com.paytheory.lib.model.PaymentViewModel [val] declared in com.paytheory.lib.compose.PaymentFormKt.PaymentForm' type=com.paytheory.lib.model.PaymentViewModel origin=null
          $payable: GET_VAR 'payable: com.paytheory.lib.Payable declared in com.paytheory.lib.compose.PaymentFormKt.PaymentForm' type=com.paytheory.lib.Payable origin=null
          $configuration: GET_VAR 'configuration: com.paytheory.lib.PayTheoryConfiguration declared in com.paytheory.lib.compose.PaymentFormKt.PaymentForm' type=com.paytheory.lib.PayTheoryConfiguration origin=null
          $validator: GET_VAR 'val validator: com.paytheory.lib.valid.Validator [val] declared in com.paytheory.lib.compose.PaymentFormKt.PaymentForm' type=com.paytheory.lib.valid.Validator origin=null
          $modifier: GET_VAR 'modifier: androidx.compose.ui.Modifier declared in com.paytheory.lib.compose.PaymentFormKt.PaymentForm' type=androidx.compose.ui.Modifier origin=null
          $paymentViewState$delegate: GET_VAR 'val paymentViewState$delegate: androidx.compose.runtime.State<com.paytheory.lib.model.PaymentViewModel.PaymentState> [val] declared in com.paytheory.lib.compose.PaymentFormKt.PaymentForm' type=androidx.compose.runtime.State<com.paytheory.lib.model.PaymentViewModel.PaymentState> origin=null
      $mask0: CONST Int type=kotlin.Int value=6
      $handler: CONST Null type=kotlin.Any? value=null

	at org.jetbrains.kotlin.backend.jvm.codegen.FunctionCodegen.generate(FunctionCodegen.kt:48)
	at org.jetbrains.kotlin.backend.jvm.codegen.FunctionCodegen.generate$default(FunctionCodegen.kt:41)
	at org.jetbrains.kotlin.backend.jvm.codegen.ClassCodegen.generateMethodNode(ClassCodegen.kt:407)
	at org.jetbrains.kotlin.backend.jvm.codegen.ClassCodegen.generateMethod(ClassCodegen.kt:424)
	at org.jetbrains.kotlin.backend.jvm.codegen.ClassCodegen.generate(ClassCodegen.kt:169)
	at org.jetbrains.kotlin.backend.jvm.FileCodegen.lower(JvmPhases.kt:39)
	at org.jetbrains.kotlin.backend.common.phaser.PhaseFactoriesKt.createFilePhase$lambda$4(PhaseFactories.kt:71)
	at org.jetbrains.kotlin.backend.common.phaser.PhaseBuildersKt$createSimpleNamedCompilerPhase$1.phaseBody(PhaseBuilders.kt:69)
	at org.jetbrains.kotlin.backend.common.phaser.SimpleNamedCompilerPhase.phaseBody(CompilerPhase.kt:226)
	at org.jetbrains.kotlin.backend.common.phaser.AbstractNamedCompilerPhase.invoke(CompilerPhase.kt:113)
	at org.jetbrains.kotlin.backend.common.phaser.PerformByIrFilePhase.invokeSequential(performByIrFile.kt:52)
	... 45 more
Caused by: org.jetbrains.kotlin.codegen.CompilationException: Back-end (JVM) Internal error: Couldn't inline method call: CALL 'public final fun <get-current> (): T of androidx.compose.runtime.CompositionLocal [inline] declared in androidx.compose.runtime.CompositionLocal' type=android.content.Context origin=GET_PROPERTY
Method: null
File is unknown
The root cause java.lang.IllegalStateException was thrown at: org.jetbrains.kotlin.codegen.inline.SourceCompilerForInlineKt.getMethodNode(SourceCompilerForInline.kt:118)
	at org.jetbrains.kotlin.codegen.inline.InlineCodegen.performInline(InlineCodegen.kt:65)
	at org.jetbrains.kotlin.backend.jvm.codegen.IrInlineCodegen.genInlineCall(IrInlineCodegen.kt:163)
	at org.jetbrains.kotlin.backend.jvm.codegen.IrInlineCallGenerator.genCall(IrInlineCallGenerator.kt:36)
	at org.jetbrains.kotlin.backend.jvm.codegen.ExpressionCodegen.visitCall(ExpressionCodegen.kt:598)
	at org.jetbrains.kotlin.backend.jvm.codegen.ExpressionCodegen.visitCall(ExpressionCodegen.kt:134)
	at org.jetbrains.kotlin.ir.expressions.IrCall.accept(IrCall.kt:24)
	at org.jetbrains.kotlin.backend.jvm.codegen.ExpressionCodegen.gen(ExpressionCodegen.kt:213)
	at org.jetbrains.kotlin.backend.jvm.codegen.IrCallGenerator.genValueAndPut(IrCallGenerator.kt:48)
	at org.jetbrains.kotlin.backend.jvm.codegen.ExpressionCodegen.visitCall$handleParameter(ExpressionCodegen.kt:561)
	at org.jetbrains.kotlin.backend.jvm.codegen.ExpressionCodegen.visitCall(ExpressionCodegen.kt:589)
	at org.jetbrains.kotlin.backend.jvm.codegen.ExpressionCodegen.visitCall(ExpressionCodegen.kt:134)
	at org.jetbrains.kotlin.ir.expressions.IrCall.accept(IrCall.kt:24)
	at org.jetbrains.kotlin.backend.jvm.intrinsics.Not.invoke(Not.kt:46)
	at org.jetbrains.kotlin.backend.jvm.intrinsics.Not.invoke(Not.kt:27)
	at org.jetbrains.kotlin.backend.jvm.codegen.ExpressionCodegen.visitCall(ExpressionCodegen.kt:545)
	at org.jetbrains.kotlin.backend.jvm.codegen.ExpressionCodegen.visitCall(ExpressionCodegen.kt:134)
	at org.jetbrains.kotlin.ir.expressions.IrCall.accept(IrCall.kt:24)
	at org.jetbrains.kotlin.backend.jvm.codegen.ExpressionCodegen.visitWhen(ExpressionCodegen.kt:1047)
	at org.jetbrains.kotlin.backend.jvm.codegen.ExpressionCodegen.visitWhen(ExpressionCodegen.kt:134)
	at org.jetbrains.kotlin.ir.expressions.IrWhen.accept(IrWhen.kt:24)
	at org.jetbrains.kotlin.backend.jvm.codegen.ExpressionCodegen.visitStatementContainer(ExpressionCodegen.kt:524)
	at org.jetbrains.kotlin.backend.jvm.codegen.ExpressionCodegen.visitBlockBody(ExpressionCodegen.kt:529)
	at org.jetbrains.kotlin.backend.jvm.codegen.ExpressionCodegen.visitBlockBody(ExpressionCodegen.kt:134)
	at org.jetbrains.kotlin.ir.expressions.IrBlockBody.accept(IrBlockBody.kt:20)
	at org.jetbrains.kotlin.backend.jvm.codegen.ExpressionCodegen.generate(ExpressionCodegen.kt:236)
	at org.jetbrains.kotlin.backend.jvm.codegen.FunctionCodegen.doGenerate(FunctionCodegen.kt:124)
	at org.jetbrains.kotlin.backend.jvm.codegen.FunctionCodegen.generate(FunctionCodegen.kt:45)
	... 55 more
Caused by: java.lang.IllegalStateException: couldn't find inline method Landroidx/compose/runtime/CompositionLocal;.getCurrent()Ljava/lang/Object;
	at org.jetbrains.kotlin.codegen.inline.SourceCompilerForInlineKt.getMethodNode(SourceCompilerForInline.kt:118)
	at org.jetbrains.kotlin.codegen.inline.SourceCompilerForInlineKt.loadCompiledInlineFunction(SourceCompilerForInline.kt:96)
	at org.jetbrains.kotlin.backend.jvm.codegen.IrSourceCompilerForInline.compileInlineFunction(IrSourceCompilerForInline.kt:91)
	at org.jetbrains.kotlin.codegen.inline.InlineCodegen.compileInline(InlineCodegen.kt:43)
	at org.jetbrains.kotlin.codegen.inline.InlineCodegen.performInline(InlineCodegen.kt:51)
	... 81 more


