kotlin version: 2.1.10
error message: org.jetbrains.kotlin.backend.common.BackendException: Backend Internal error: Exception during IR lowering
File being compiled: /Users/aronprice/pay-theory-android/lib/src/test/java/com/paytheory/lib/googlepay/TestPaymentMethodProcessor.kt
The root cause java.lang.RuntimeException was thrown at: org.jetbrains.kotlin.backend.jvm.codegen.FunctionCodegen.generate(FunctionCodegen.kt:48)
	at org.jetbrains.kotlin.backend.common.CodegenUtil.reportBackendException(CodegenUtil.kt:253)
	at org.jetbrains.kotlin.backend.common.CodegenUtil.reportBackendException$default(CodegenUtil.kt:236)
	at org.jetbrains.kotlin.backend.common.phaser.PerformByIrFilePhase.invokeSequential(performByIrFile.kt:55)
	at org.jetbrains.kotlin.backend.common.phaser.PerformByIrFilePhase.invoke(performByIrFile.kt:42)
	at org.jetbrains.kotlin.backend.common.phaser.PerformByIrFilePhase.invoke(performByIrFile.kt:28)
	at org.jetbrains.kotlin.backend.common.phaser.NamedCompilerPhase.phaseBody(CompilerPhase.kt:166)
	at org.jetbrains.kotlin.backend.common.phaser.AbstractNamedCompilerPhase.invoke(CompilerPhase.kt:113)
	at org.jetbrains.kotlin.backend.common.phaser.CompositePhase.invoke(PhaseBuilders.kt:27)
	at org.jetbrains.kotlin.backend.common.phaser.CompositePhase.invoke(PhaseBuilders.kt:14)
	at org.jetbrains.kotlin.backend.common.phaser.NamedCompilerPhase.phaseBody(CompilerPhase.kt:166)
	at org.jetbrains.kotlin.backend.common.phaser.AbstractNamedCompilerPhase.invoke(CompilerPhase.kt:113)
	at org.jetbrains.kotlin.backend.common.phaser.CompilerPhaseKt.invokeToplevel(CompilerPhase.kt:62)
	at org.jetbrains.kotlin.backend.jvm.JvmIrCodegenFactory.invokeCodegen(JvmIrCodegenFactory.kt:371)
	at org.jetbrains.kotlin.codegen.CodegenFactory.generateModule(CodegenFactory.kt:47)
	at org.jetbrains.kotlin.backend.jvm.JvmIrCodegenFactory.generateModuleInFrontendIRMode(JvmIrCodegenFactory.kt:433)
	at org.jetbrains.kotlin.cli.jvm.compiler.pipeline.JvmCompilerPipelineKt.generateCodeFromIr(jvmCompilerPipeline.kt:192)
	at org.jetbrains.kotlin.cli.jvm.compiler.pipeline.JvmCompilerPipelineKt.runBackend(jvmCompilerPipeline.kt:80)
	at org.jetbrains.kotlin.cli.jvm.compiler.pipeline.JvmCompilerPipelineLightTreeKt.compileModule(jvmCompilerPipelineLightTree.kt:264)
	at org.jetbrains.kotlin.cli.jvm.compiler.pipeline.JvmCompilerPipelineLightTreeKt.compileSingleModuleUsingFrontendIrAndLightTree(jvmCompilerPipelineLightTree.kt:231)
	at org.jetbrains.kotlin.cli.jvm.compiler.pipeline.JvmCompilerPipelineLightTreeKt.compileModulesUsingFrontendIrAndLightTree(jvmCompilerPipelineLightTree.kt:86)
	at org.jetbrains.kotlin.cli.jvm.K2JVMCompiler.doExecute(K2JVMCompiler.kt:146)
	at org.jetbrains.kotlin.cli.jvm.K2JVMCompiler.doExecute(K2JVMCompiler.kt:43)
	at org.jetbrains.kotlin.cli.common.CLICompiler.execImpl(CLICompiler.kt:102)
	at org.jetbrains.kotlin.cli.common.CLICompiler.exec(CLICompiler.kt:316)
	at org.jetbrains.kotlin.incremental.IncrementalJvmCompilerRunner.runCompiler(IncrementalJvmCompilerRunner.kt:464)
	at org.jetbrains.kotlin.incremental.IncrementalJvmCompilerRunner.runCompiler(IncrementalJvmCompilerRunner.kt:73)
	at org.jetbrains.kotlin.incremental.IncrementalCompilerRunner.doCompile(IncrementalCompilerRunner.kt:506)
	at org.jetbrains.kotlin.incremental.IncrementalCompilerRunner.compileImpl(IncrementalCompilerRunner.kt:423)
	at org.jetbrains.kotlin.incremental.IncrementalCompilerRunner.tryCompileIncrementally$lambda$9$compile(IncrementalCompilerRunner.kt:249)
	at org.jetbrains.kotlin.incremental.IncrementalCompilerRunner.tryCompileIncrementally(IncrementalCompilerRunner.kt:267)
	at org.jetbrains.kotlin.incremental.IncrementalCompilerRunner.compile(IncrementalCompilerRunner.kt:120)
	at org.jetbrains.kotlin.daemon.CompileServiceImplBase.execIncrementalCompiler(CompileServiceImpl.kt:683)
	at org.jetbrains.kotlin.daemon.CompileServiceImplBase.access$execIncrementalCompiler(CompileServiceImpl.kt:91)
	at org.jetbrains.kotlin.daemon.CompileServiceImpl.compile(CompileServiceImpl.kt:1811)
	at java.base/jdk.internal.reflect.DirectMethodHandleAccessor.invoke(DirectMethodHandleAccessor.java:103)
	at java.base/java.lang.reflect.Method.invoke(Method.java:580)
	at java.rmi/sun.rmi.server.UnicastServerRef.dispatch(UnicastServerRef.java:360)
	at java.rmi/sun.rmi.transport.Transport$1.run(Transport.java:200)
	at java.rmi/sun.rmi.transport.Transport$1.run(Transport.java:197)
	at java.base/java.security.AccessController.doPrivileged(AccessController.java:714)
	at java.rmi/sun.rmi.transport.Transport.serviceCall(Transport.java:196)
	at java.rmi/sun.rmi.transport.tcp.TCPTransport.handleMessages(TCPTransport.java:598)
	at java.rmi/sun.rmi.transport.tcp.TCPTransport$ConnectionHandler.run0(TCPTransport.java:844)
	at java.rmi/sun.rmi.transport.tcp.TCPTransport$ConnectionHandler.lambda$run$0(TCPTransport.java:721)
	at java.base/java.security.AccessController.doPrivileged(AccessController.java:400)
	at java.rmi/sun.rmi.transport.tcp.TCPTransport$ConnectionHandler.run(TCPTransport.java:720)
	at java.base/java.util.concurrent.ThreadPoolExecutor.runWorker(ThreadPoolExecutor.java:1144)
	at java.base/java.util.concurrent.ThreadPoolExecutor$Worker.run(ThreadPoolExecutor.java:642)
	at java.base/java.lang.Thread.run(Thread.java:1575)
Caused by: java.lang.RuntimeException: Exception while generating code for:
CONSTRUCTOR visibility:public <> (payable:com.paytheory.lib.Payable, configuration:com.paytheory.lib.PayTheoryConfiguration, viewModel:com.paytheory.lib.model.PaymentViewModel) returnType:com.paytheory.lib.googlepay.TestPaymentMethodProcessor [primary]
  VALUE_PARAMETER name:payable index:0 type:com.paytheory.lib.Payable
  VALUE_PARAMETER name:configuration index:1 type:com.paytheory.lib.PayTheoryConfiguration
  VALUE_PARAMETER name:viewModel index:2 type:com.paytheory.lib.model.PaymentViewModel
  BLOCK_BODY
    DELEGATING_CONSTRUCTOR_CALL 'public constructor <init> (payable: com.paytheory.lib.Payable, payTheoryData: java.util.HashMap<kotlin.Any, kotlin.Any>?, configuration: com.paytheory.lib.PayTheoryConfiguration, viewModel: com.paytheory.lib.model.PaymentViewModel) [primary] declared in com.paytheory.lib.PaymentMethodProcessor'
      payable: GET_VAR 'payable: com.paytheory.lib.Payable declared in com.paytheory.lib.googlepay.TestPaymentMethodProcessor.<init>' type=com.paytheory.lib.Payable origin=null
      payTheoryData: CALL 'public final fun hashMapOf <K, V> (): java.util.HashMap<K of kotlin.collections.MapsKt.hashMapOf, V of kotlin.collections.MapsKt.hashMapOf> [inline] declared in kotlin.collections.MapsKt' type=java.util.HashMap<kotlin.Any, kotlin.Any> origin=null
        <K>: kotlin.Any
        <V>: kotlin.Any
      configuration: GET_VAR 'configuration: com.paytheory.lib.PayTheoryConfiguration declared in com.paytheory.lib.googlepay.TestPaymentMethodProcessor.<init>' type=com.paytheory.lib.PayTheoryConfiguration origin=null
      viewModel: GET_VAR 'viewModel: com.paytheory.lib.model.PaymentViewModel declared in com.paytheory.lib.googlepay.TestPaymentMethodProcessor.<init>' type=com.paytheory.lib.model.PaymentViewModel origin=null
    BLOCK type=kotlin.Unit origin=null
      SET_FIELD 'FIELD PROPERTY_BACKING_FIELD name:payable type:com.paytheory.lib.Payable visibility:private [final]' type=kotlin.Unit origin=INITIALIZE_FIELD
        receiver: GET_VAR '<this>: com.paytheory.lib.googlepay.TestPaymentMethodProcessor declared in com.paytheory.lib.googlepay.TestPaymentMethodProcessor' type=com.paytheory.lib.googlepay.TestPaymentMethodProcessor origin=null
        value: GET_VAR 'payable: com.paytheory.lib.Payable declared in com.paytheory.lib.googlepay.TestPaymentMethodProcessor.<init>' type=com.paytheory.lib.Payable origin=INITIALIZE_PROPERTY_FROM_PARAMETER
      SET_FIELD 'FIELD PROPERTY_BACKING_FIELD name:configuration type:com.paytheory.lib.PayTheoryConfiguration visibility:private [final]' type=kotlin.Unit origin=INITIALIZE_FIELD
        receiver: GET_VAR '<this>: com.paytheory.lib.googlepay.TestPaymentMethodProcessor declared in com.paytheory.lib.googlepay.TestPaymentMethodProcessor' type=com.paytheory.lib.googlepay.TestPaymentMethodProcessor origin=null
        value: GET_VAR 'configuration: com.paytheory.lib.PayTheoryConfiguration declared in com.paytheory.lib.googlepay.TestPaymentMethodProcessor.<init>' type=com.paytheory.lib.PayTheoryConfiguration origin=INITIALIZE_PROPERTY_FROM_PARAMETER
      SET_FIELD 'FIELD PROPERTY_BACKING_FIELD name:viewModel type:com.paytheory.lib.model.PaymentViewModel visibility:private [final]' type=kotlin.Unit origin=INITIALIZE_FIELD
        receiver: GET_VAR '<this>: com.paytheory.lib.googlepay.TestPaymentMethodProcessor declared in com.paytheory.lib.googlepay.TestPaymentMethodProcessor' type=com.paytheory.lib.googlepay.TestPaymentMethodProcessor origin=null
        value: GET_VAR 'viewModel: com.paytheory.lib.model.PaymentViewModel declared in com.paytheory.lib.googlepay.TestPaymentMethodProcessor.<init>' type=com.paytheory.lib.model.PaymentViewModel origin=INITIALIZE_PROPERTY_FROM_PARAMETER
      BLOCK type=kotlin.Unit origin=SYNTHESIZED_INIT_BLOCK
        ERROR_CALL 'Unresolved reference: R|com/paytheory/lib/PaymentMethodProcessor.headerMap|' type=IrErrorType([Error type: Unresolved type for <error>])

	at org.jetbrains.kotlin.backend.jvm.codegen.FunctionCodegen.generate(FunctionCodegen.kt:48)
	at org.jetbrains.kotlin.backend.jvm.codegen.FunctionCodegen.generate$default(FunctionCodegen.kt:41)
	at org.jetbrains.kotlin.backend.jvm.codegen.ClassCodegen.generateMethodNode(ClassCodegen.kt:407)
	at org.jetbrains.kotlin.backend.jvm.codegen.ClassCodegen.generateMethod(ClassCodegen.kt:424)
	at org.jetbrains.kotlin.backend.jvm.codegen.ClassCodegen.generate(ClassCodegen.kt:169)
	at org.jetbrains.kotlin.backend.jvm.FileCodegen.lower(JvmPhases.kt:39)
	at org.jetbrains.kotlin.backend.common.phaser.PhaseFactoriesKt.createFilePhase$lambda$4(PhaseFactories.kt:71)
	at org.jetbrains.kotlin.backend.common.phaser.PhaseBuildersKt$createSimpleNamedCompilerPhase$1.phaseBody(PhaseBuilders.kt:69)
	at org.jetbrains.kotlin.backend.common.phaser.SimpleNamedCompilerPhase.phaseBody(CompilerPhase.kt:226)
	at org.jetbrains.kotlin.backend.common.phaser.AbstractNamedCompilerPhase.invoke(CompilerPhase.kt:113)
	at org.jetbrains.kotlin.backend.common.phaser.PerformByIrFilePhase.invokeSequential(performByIrFile.kt:52)
	... 46 more
Caused by: java.lang.AssertionError: Unexpected IR element found during code generation. Either code generation for it is not implemented, or it should have been lowered:
ERROR_CALL 'Unresolved reference: R|com/paytheory/lib/PaymentMethodProcessor.headerMap|' type=IrErrorType([Error type: Unresolved type for <error>])
	at org.jetbrains.kotlin.backend.jvm.codegen.ExpressionCodegen.visitElement(ExpressionCodegen.kt:943)
	at org.jetbrains.kotlin.backend.jvm.codegen.ExpressionCodegen.visitElement(ExpressionCodegen.kt:134)
	at org.jetbrains.kotlin.ir.visitors.IrElementVisitor$DefaultImpls.visitExpression(IrElementVisitor.kt:87)
	at org.jetbrains.kotlin.backend.jvm.codegen.ExpressionCodegen.visitExpression(ExpressionCodegen.kt:134)
	at org.jetbrains.kotlin.backend.jvm.codegen.ExpressionCodegen.visitExpression(ExpressionCodegen.kt:134)
	at org.jetbrains.kotlin.ir.visitors.IrElementVisitor$DefaultImpls.visitErrorExpression(IrElementVisitor.kt:198)
	at org.jetbrains.kotlin.backend.jvm.codegen.ExpressionCodegen.visitErrorExpression(ExpressionCodegen.kt:134)
	at org.jetbrains.kotlin.backend.jvm.codegen.ExpressionCodegen.visitErrorExpression(ExpressionCodegen.kt:134)
	at org.jetbrains.kotlin.ir.visitors.IrElementVisitor$DefaultImpls.visitErrorCallExpression(IrElementVisitor.kt:201)
	at org.jetbrains.kotlin.backend.jvm.codegen.ExpressionCodegen.visitErrorCallExpression(ExpressionCodegen.kt:134)
	at org.jetbrains.kotlin.backend.jvm.codegen.ExpressionCodegen.visitErrorCallExpression(ExpressionCodegen.kt:134)
	at org.jetbrains.kotlin.ir.expressions.IrErrorCallExpression.accept(IrErrorCallExpression.kt:24)
	at org.jetbrains.kotlin.backend.jvm.codegen.ExpressionCodegen.visitStatementContainer(ExpressionCodegen.kt:524)
	at org.jetbrains.kotlin.backend.jvm.codegen.ExpressionCodegen.visitContainerExpression(ExpressionCodegen.kt:538)
	at org.jetbrains.kotlin.backend.jvm.codegen.ExpressionCodegen.visitContainerExpression(ExpressionCodegen.kt:134)
	at org.jetbrains.kotlin.ir.visitors.IrElementVisitor$DefaultImpls.visitBlock(IrElementVisitor.kt:126)
	at org.jetbrains.kotlin.backend.jvm.codegen.ExpressionCodegen.visitBlock(ExpressionCodegen.kt:409)
	at org.jetbrains.kotlin.backend.jvm.codegen.ExpressionCodegen.visitBlock(ExpressionCodegen.kt:134)
	at org.jetbrains.kotlin.ir.expressions.IrBlock.accept(IrBlock.kt:18)
	at org.jetbrains.kotlin.backend.jvm.codegen.ExpressionCodegen.visitStatementContainer(ExpressionCodegen.kt:524)
	at org.jetbrains.kotlin.backend.jvm.codegen.ExpressionCodegen.visitContainerExpression(ExpressionCodegen.kt:538)
	at org.jetbrains.kotlin.backend.jvm.codegen.ExpressionCodegen.visitContainerExpression(ExpressionCodegen.kt:134)
	at org.jetbrains.kotlin.ir.visitors.IrElementVisitor$DefaultImpls.visitBlock(IrElementVisitor.kt:126)
	at org.jetbrains.kotlin.backend.jvm.codegen.ExpressionCodegen.visitBlock(ExpressionCodegen.kt:409)
	at org.jetbrains.kotlin.backend.jvm.codegen.ExpressionCodegen.visitBlock(ExpressionCodegen.kt:134)
	at org.jetbrains.kotlin.ir.expressions.IrBlock.accept(IrBlock.kt:18)
	at org.jetbrains.kotlin.backend.jvm.codegen.ExpressionCodegen.visitStatementContainer(ExpressionCodegen.kt:524)
	at org.jetbrains.kotlin.backend.jvm.codegen.ExpressionCodegen.visitBlockBody(ExpressionCodegen.kt:529)
	at org.jetbrains.kotlin.backend.jvm.codegen.ExpressionCodegen.visitBlockBody(ExpressionCodegen.kt:134)
	at org.jetbrains.kotlin.ir.expressions.IrBlockBody.accept(IrBlockBody.kt:20)
	at org.jetbrains.kotlin.backend.jvm.codegen.ExpressionCodegen.generate(ExpressionCodegen.kt:236)
	at org.jetbrains.kotlin.backend.jvm.codegen.FunctionCodegen.doGenerate(FunctionCodegen.kt:124)
	at org.jetbrains.kotlin.backend.jvm.codegen.FunctionCodegen.generate(FunctionCodegen.kt:45)
	... 56 more


