kotlin version: 2.1.10
error message: org.jetbrains.kotlin.backend.common.BackendException: Backend Internal error: Exception during IR lowering
File being compiled: /Users/aronprice/pay-theory-android/lib/src/main/java/com/paytheory/lib/compose/SecureInputFields.kt
The root cause java.lang.RuntimeException was thrown at: org.jetbrains.kotlin.backend.jvm.codegen.FunctionCodegen.generate(FunctionCodegen.kt:48)
	at org.jetbrains.kotlin.backend.common.CodegenUtil.reportBackendException(CodegenUtil.kt:253)
	at org.jetbrains.kotlin.backend.common.CodegenUtil.reportBackendException$default(CodegenUtil.kt:236)
	at org.jetbrains.kotlin.backend.common.phaser.PerformByIrFilePhase.invokeSequential(performByIrFile.kt:55)
	at org.jetbrains.kotlin.backend.common.phaser.PerformByIrFilePhase.invoke(performByIrFile.kt:42)
	at org.jetbrains.kotlin.backend.common.phaser.PerformByIrFilePhase.invoke(performByIrFile.kt:28)
	at org.jetbrains.kotlin.backend.common.phaser.NamedCompilerPhase.phaseBody(CompilerPhase.kt:166)
	at org.jetbrains.kotlin.backend.common.phaser.AbstractNamedCompilerPhase.invoke(CompilerPhase.kt:113)
	at org.jetbrains.kotlin.backend.common.phaser.CompositePhase.invoke(PhaseBuilders.kt:27)
	at org.jetbrains.kotlin.backend.common.phaser.CompositePhase.invoke(PhaseBuilders.kt:14)
	at org.jetbrains.kotlin.backend.common.phaser.NamedCompilerPhase.phaseBody(CompilerPhase.kt:166)
	at org.jetbrains.kotlin.backend.common.phaser.AbstractNamedCompilerPhase.invoke(CompilerPhase.kt:113)
	at org.jetbrains.kotlin.backend.common.phaser.CompilerPhaseKt.invokeToplevel(CompilerPhase.kt:62)
	at org.jetbrains.kotlin.backend.jvm.JvmIrCodegenFactory.invokeCodegen(JvmIrCodegenFactory.kt:371)
	at org.jetbrains.kotlin.codegen.CodegenFactory.generateModule(CodegenFactory.kt:47)
	at org.jetbrains.kotlin.backend.jvm.JvmIrCodegenFactory.generateModuleInFrontendIRMode(JvmIrCodegenFactory.kt:433)
	at org.jetbrains.kotlin.cli.jvm.compiler.pipeline.JvmCompilerPipelineKt.generateCodeFromIr(jvmCompilerPipeline.kt:192)
	at org.jetbrains.kotlin.cli.jvm.compiler.pipeline.JvmCompilerPipelineKt.runBackend(jvmCompilerPipeline.kt:80)
	at org.jetbrains.kotlin.cli.jvm.compiler.pipeline.JvmCompilerPipelineLightTreeKt.compileModule(jvmCompilerPipelineLightTree.kt:264)
	at org.jetbrains.kotlin.cli.jvm.compiler.pipeline.JvmCompilerPipelineLightTreeKt.compileSingleModuleUsingFrontendIrAndLightTree(jvmCompilerPipelineLightTree.kt:231)
	at org.jetbrains.kotlin.cli.jvm.compiler.pipeline.JvmCompilerPipelineLightTreeKt.compileModulesUsingFrontendIrAndLightTree(jvmCompilerPipelineLightTree.kt:86)
	at org.jetbrains.kotlin.cli.jvm.K2JVMCompiler.doExecute(K2JVMCompiler.kt:146)
	at org.jetbrains.kotlin.cli.jvm.K2JVMCompiler.doExecute(K2JVMCompiler.kt:43)
	at org.jetbrains.kotlin.cli.common.CLICompiler.execImpl(CLICompiler.kt:102)
	at org.jetbrains.kotlin.cli.common.CLICompiler.exec(CLICompiler.kt:316)
	at org.jetbrains.kotlin.incremental.IncrementalJvmCompilerRunner.runCompiler(IncrementalJvmCompilerRunner.kt:464)
	at org.jetbrains.kotlin.incremental.IncrementalJvmCompilerRunner.runCompiler(IncrementalJvmCompilerRunner.kt:73)
	at org.jetbrains.kotlin.incremental.IncrementalCompilerRunner.doCompile(IncrementalCompilerRunner.kt:506)
	at org.jetbrains.kotlin.incremental.IncrementalCompilerRunner.compileImpl(IncrementalCompilerRunner.kt:423)
	at org.jetbrains.kotlin.incremental.IncrementalCompilerRunner.compileNonIncrementally(IncrementalCompilerRunner.kt:301)
	at org.jetbrains.kotlin.incremental.IncrementalCompilerRunner.compile(IncrementalCompilerRunner.kt:129)
	at org.jetbrains.kotlin.daemon.CompileServiceImplBase.execIncrementalCompiler(CompileServiceImpl.kt:683)
	at org.jetbrains.kotlin.daemon.CompileServiceImplBase.access$execIncrementalCompiler(CompileServiceImpl.kt:91)
	at org.jetbrains.kotlin.daemon.CompileServiceImpl.compile(CompileServiceImpl.kt:1811)
	at java.base/jdk.internal.reflect.DirectMethodHandleAccessor.invoke(Unknown Source)
	at java.base/java.lang.reflect.Method.invoke(Unknown Source)
	at java.rmi/sun.rmi.server.UnicastServerRef.dispatch(Unknown Source)
	at java.rmi/sun.rmi.transport.Transport$1.run(Unknown Source)
	at java.rmi/sun.rmi.transport.Transport$1.run(Unknown Source)
	at java.base/java.security.AccessController.doPrivileged(Unknown Source)
	at java.rmi/sun.rmi.transport.Transport.serviceCall(Unknown Source)
	at java.rmi/sun.rmi.transport.tcp.TCPTransport.handleMessages(Unknown Source)
	at java.rmi/sun.rmi.transport.tcp.TCPTransport$ConnectionHandler.run0(Unknown Source)
	at java.rmi/sun.rmi.transport.tcp.TCPTransport$ConnectionHandler.lambda$run$0(Unknown Source)
	at java.base/java.security.AccessController.doPrivileged(Unknown Source)
	at java.rmi/sun.rmi.transport.tcp.TCPTransport$ConnectionHandler.run(Unknown Source)
	at java.base/java.util.concurrent.ThreadPoolExecutor.runWorker(Unknown Source)
	at java.base/java.util.concurrent.ThreadPoolExecutor$Worker.run(Unknown Source)
	at java.base/java.lang.Thread.run(Unknown Source)
Caused by: java.lang.RuntimeException: Exception while generating code for:
FUN name:SecureExpirationField visibility:public modality:FINAL <> (modifier:androidx.compose.ui.Modifier, value:com.paytheory.lib.compose.SecureStringWrapper, onValueChange:kotlin.Function1<com.paytheory.lib.compose.SecureStringWrapper, kotlin.Unit>, isValid:kotlin.Function1<com.paytheory.lib.compose.SecureStringWrapper, kotlin.Boolean>, isOutlined:kotlin.Boolean, clearKey:kotlin.Int) returnType:kotlin.Unit
  annotations:
    Composable
  VALUE_PARAMETER name:modifier index:0 type:androidx.compose.ui.Modifier
  VALUE_PARAMETER name:value index:1 type:com.paytheory.lib.compose.SecureStringWrapper
  VALUE_PARAMETER name:onValueChange index:2 type:kotlin.Function1<com.paytheory.lib.compose.SecureStringWrapper, kotlin.Unit>
  VALUE_PARAMETER name:isValid index:3 type:kotlin.Function1<com.paytheory.lib.compose.SecureStringWrapper, kotlin.Boolean>
  VALUE_PARAMETER name:isOutlined index:4 type:kotlin.Boolean
    EXPRESSION_BODY
      ERROR_EXPR 'Default Stub' type=kotlin.Boolean
  VALUE_PARAMETER name:clearKey index:5 type:kotlin.Int
    EXPRESSION_BODY
      ERROR_EXPR 'Default Stub' type=kotlin.Int
  BLOCK_BODY
    VAR PROPERTY_DELEGATE name:secureWrapper$delegate type:androidx.compose.runtime.MutableState<com.paytheory.lib.compose.SecureStringWrapper> [val]
      CALL 'public final fun rememberSaveable <T> (vararg inputs: kotlin.Any?, stateSaver: androidx.compose.runtime.saveable.Saver<T of androidx.compose.runtime.saveable.RememberSaveableKt.rememberSaveable, out kotlin.Any>, key: kotlin.String?, init: kotlin.Function0<androidx.compose.runtime.MutableState<T of androidx.compose.runtime.saveable.RememberSaveableKt.rememberSaveable>>): androidx.compose.runtime.MutableState<T of androidx.compose.runtime.saveable.RememberSaveableKt.rememberSaveable> declared in androidx.compose.runtime.saveable.RememberSaveableKt' type=androidx.compose.runtime.MutableState<com.paytheory.lib.compose.SecureStringWrapper> origin=null
        <T>: com.paytheory.lib.compose.SecureStringWrapper
        inputs: CALL 'public final fun arrayOfNulls <T> (size: kotlin.Int): kotlin.Array<T of kotlin.arrayOfNulls?> declared in kotlin' type=kotlin.Array<out kotlin.Any?> origin=null
          <T>: kotlin.Any?
          size: CONST Int type=kotlin.Int value=0
        stateSaver: CALL 'public final fun createSecureStringWrapperSaver (): androidx.compose.runtime.saveable.Saver<com.paytheory.lib.compose.SecureStringWrapper, *> declared in com.paytheory.lib.compose.SecureInputFieldsKt' type=androidx.compose.runtime.saveable.Saver<com.paytheory.lib.compose.SecureStringWrapper, *> origin=null
        key: STRING_CONCATENATION type=kotlin.String
          CONST String type=kotlin.String value="expirationClearKey_"
          GET_VAR 'clearKey: kotlin.Int declared in com.paytheory.lib.compose.SecureInputFieldsKt.SecureExpirationField' type=kotlin.Int origin=null
        init: BLOCK type=kotlin.Function0<androidx.compose.runtime.MutableState<com.paytheory.lib.compose.SecureStringWrapper>> origin=LAMBDA
          COMPOSITE type=kotlin.Unit origin=null
          CALL 'public final fun <jvm-indy> <T> (dynamicCall: T of kotlin.jvm.internal.<jvm-indy>, bootstrapMethodHandle: kotlin.Any, vararg bootstrapMethodArguments: kotlin.Any): T of kotlin.jvm.internal.<jvm-indy> declared in kotlin.jvm.internal' type=kotlin.Function0<androidx.compose.runtime.MutableState<com.paytheory.lib.compose.SecureStringWrapper>> origin=null
            <T>: kotlin.Function0<androidx.compose.runtime.MutableState<com.paytheory.lib.compose.SecureStringWrapper>>
            dynamicCall: CALL 'public final fun invoke (p0: com.paytheory.lib.compose.SecureStringWrapper): kotlin.Function0<androidx.compose.runtime.MutableState<com.paytheory.lib.compose.SecureStringWrapper>> declared in kotlin.jvm.internal.invokeDynamic' type=kotlin.Function0<androidx.compose.runtime.MutableState<com.paytheory.lib.compose.SecureStringWrapper>> origin=null
              p0: GET_VAR 'value: com.paytheory.lib.compose.SecureStringWrapper declared in com.paytheory.lib.compose.SecureInputFieldsKt.SecureExpirationField' type=com.paytheory.lib.compose.SecureStringWrapper origin=null
            bootstrapMethodHandle: CALL 'public final fun <jvm-method-handle> (tag: kotlin.Int, owner: kotlin.String, name: kotlin.String, descriptor: kotlin.String, isInterface: kotlin.Boolean): kotlin.Any declared in kotlin.jvm.internal' type=kotlin.Any origin=null
              tag: CONST Int type=kotlin.Int value=6
              owner: CONST String type=kotlin.String value="java/lang/invoke/LambdaMetafactory"
              name: CONST String type=kotlin.String value="metafactory"
              descriptor: CONST String type=kotlin.String value="(Ljava/lang/invoke/MethodHandles$Lookup;Ljava/lang/String;Ljava/lang/invoke/MethodType;Ljava/lang/invoke/MethodType;Ljava/lang/invoke/MethodHandle;Ljava/lang/invoke/MethodType;)Ljava/lang/invoke/CallSite;"
              isInterface: CONST Boolean type=kotlin.Boolean value=false
            bootstrapMethodArguments: VARARG type=kotlin.Array<kotlin.Any> varargElementType=kotlin.Any
              CALL 'public final fun <jvm-original-method-type> (method: kotlin.Any): kotlin.Any declared in kotlin.jvm.internal' type=kotlin.Any origin=null
                method: RAW_FUNCTION_REFERENCE 'public abstract fun invoke (): R of kotlin.Function0 [operator] declared in kotlin.Function0' type=kotlin.Any
              RAW_FUNCTION_REFERENCE 'private final fun SecureExpirationField$lambda$6 ($value: com.paytheory.lib.compose.SecureStringWrapper): androidx.compose.runtime.MutableState<com.paytheory.lib.compose.SecureStringWrapper> declared in com.paytheory.lib.compose.SecureInputFieldsKt' type=kotlin.Any
              CALL 'public final fun <jvm-original-method-type> (method: kotlin.Any): kotlin.Any declared in kotlin.jvm.internal' type=kotlin.Any origin=null
                method: RAW_FUNCTION_REFERENCE 'public abstract fun invoke (): androidx.compose.runtime.MutableState<com.paytheory.lib.compose.SecureStringWrapper> [fake_override,operator] declared in kotlin.jvm.internal.invokeDynamic.<fake>' type=kotlin.Any
    WHEN type=kotlin.Unit origin=IF
      BRANCH
        if: CALL 'public final fun not (): kotlin.Boolean [operator] declared in kotlin.Boolean' type=kotlin.Boolean origin=EXCLEQ
          $this: CALL 'public final fun EQEQ (arg0: kotlin.Any?, arg1: kotlin.Any?): kotlin.Boolean declared in kotlin.internal.ir' type=kotlin.Boolean origin=EXCLEQ
            arg0: CALL 'public final fun <get-secureValue> (): com.paytheory.lib.compose.SecureString declared in com.paytheory.lib.compose.SecureStringWrapper' type=com.paytheory.lib.compose.SecureString origin=GET_PROPERTY
              $this: CALL 'private final fun SecureExpirationField$lambda$7 ($secureWrapper$delegate: androidx.compose.runtime.MutableState<com.paytheory.lib.compose.SecureStringWrapper>): com.paytheory.lib.compose.SecureStringWrapper declared in com.paytheory.lib.compose.SecureInputFieldsKt' type=com.paytheory.lib.compose.SecureStringWrapper origin=GET_LOCAL_PROPERTY
                $secureWrapper$delegate: GET_VAR 'val secureWrapper$delegate: androidx.compose.runtime.MutableState<com.paytheory.lib.compose.SecureStringWrapper> [val] declared in com.paytheory.lib.compose.SecureInputFieldsKt.SecureExpirationField' type=androidx.compose.runtime.MutableState<com.paytheory.lib.compose.SecureStringWrapper> origin=null
            arg1: CALL 'public final fun <get-secureValue> (): com.paytheory.lib.compose.SecureString declared in com.paytheory.lib.compose.SecureStringWrapper' type=com.paytheory.lib.compose.SecureString origin=GET_PROPERTY
              $this: GET_VAR 'value: com.paytheory.lib.compose.SecureStringWrapper declared in com.paytheory.lib.compose.SecureInputFieldsKt.SecureExpirationField' type=com.paytheory.lib.compose.SecureStringWrapper origin=null
        then: BLOCK type=kotlin.Unit origin=null
          CALL 'private final fun SecureExpirationField$lambda$8 ($secureWrapper$delegate: androidx.compose.runtime.MutableState<com.paytheory.lib.compose.SecureStringWrapper>, <set-?>: com.paytheory.lib.compose.SecureStringWrapper): kotlin.Unit declared in com.paytheory.lib.compose.SecureInputFieldsKt' type=kotlin.Unit origin=EQ
            $secureWrapper$delegate: GET_VAR 'val secureWrapper$delegate: androidx.compose.runtime.MutableState<com.paytheory.lib.compose.SecureStringWrapper> [val] declared in com.paytheory.lib.compose.SecureInputFieldsKt.SecureExpirationField' type=androidx.compose.runtime.MutableState<com.paytheory.lib.compose.SecureStringWrapper> origin=null
            <set-?>: GET_VAR 'value: com.paytheory.lib.compose.SecureStringWrapper declared in com.paytheory.lib.compose.SecureInputFieldsKt.SecureExpirationField' type=com.paytheory.lib.compose.SecureStringWrapper origin=null
    VAR name:interactionSource type:androidx.compose.foundation.interaction.MutableInteractionSource [val]
      CALL 'public final fun remember <T> (calculation: @[DisallowComposableCalls] kotlin.Function0<T of androidx.compose.runtime.ComposablesKt.remember>): T of androidx.compose.runtime.ComposablesKt.remember [inline] declared in androidx.compose.runtime.ComposablesKt' type=androidx.compose.foundation.interaction.MutableInteractionSource origin=null
        <T>: androidx.compose.foundation.interaction.MutableInteractionSource
        calculation: BLOCK type=kotlin.Function0<androidx.compose.foundation.interaction.MutableInteractionSource> origin=LAMBDA
          COMPOSITE type=kotlin.Unit origin=null
          FUNCTION_REFERENCE 'private final fun SecureExpirationField$lambda$9 (): androidx.compose.foundation.interaction.MutableInteractionSource declared in com.paytheory.lib.compose.SecureInputFieldsKt' type=kotlin.Function0<androidx.compose.foundation.interaction.MutableInteractionSource> origin=INLINE_LAMBDA reflectionTarget=null
    VAR PROPERTY_DELEGATE name:isFocused$delegate type:androidx.compose.runtime.State<kotlin.Boolean> [val]
      CALL 'public final fun collectIsFocusedAsState (): androidx.compose.runtime.State<kotlin.Boolean> declared in androidx.compose.foundation.interaction.FocusInteractionKt' type=androidx.compose.runtime.State<kotlin.Boolean> origin=null
        $receiver: GET_VAR 'val interactionSource: androidx.compose.foundation.interaction.MutableInteractionSource [val] declared in com.paytheory.lib.compose.SecureInputFieldsKt.SecureExpirationField' type=androidx.compose.foundation.interaction.MutableInteractionSource origin=null
    VAR PROPERTY_DELEGATE name:isDirty$delegate type:androidx.compose.runtime.MutableState<kotlin.Boolean> [val]
      CALL 'public final fun remember <T> (calculation: @[DisallowComposableCalls] kotlin.Function0<T of androidx.compose.runtime.ComposablesKt.remember>): T of androidx.compose.runtime.ComposablesKt.remember [inline] declared in androidx.compose.runtime.ComposablesKt' type=androidx.compose.runtime.MutableState<kotlin.Boolean> origin=null
        <T>: androidx.compose.runtime.MutableState<kotlin.Boolean>
        calculation: BLOCK type=kotlin.Function0<androidx.compose.runtime.MutableState<kotlin.Boolean>> origin=LAMBDA
          COMPOSITE type=kotlin.Unit origin=null
          FUNCTION_REFERENCE 'private final fun SecureExpirationField$lambda$11 (): androidx.compose.runtime.MutableState<kotlin.Boolean> declared in com.paytheory.lib.compose.SecureInputFieldsKt' type=kotlin.Function0<androidx.compose.runtime.MutableState<kotlin.Boolean>> origin=INLINE_LAMBDA reflectionTarget=null
    WHEN type=kotlin.Unit origin=IF
      BRANCH
        if: CALL 'public final fun ANDAND (arg0: kotlin.Boolean, arg1: kotlin.Boolean): kotlin.Boolean declared in kotlin.internal.ir' type=kotlin.Boolean origin=null
          arg0: CALL 'private final fun SecureExpirationField$lambda$10 ($isFocused$delegate: androidx.compose.runtime.State<kotlin.Boolean>): kotlin.Boolean declared in com.paytheory.lib.compose.SecureInputFieldsKt' type=kotlin.Boolean origin=GET_LOCAL_PROPERTY
            $isFocused$delegate: GET_VAR 'val isFocused$delegate: androidx.compose.runtime.State<kotlin.Boolean> [val] declared in com.paytheory.lib.compose.SecureInputFieldsKt.SecureExpirationField' type=androidx.compose.runtime.State<kotlin.Boolean> origin=null
          arg1: CALL 'public final fun not (): kotlin.Boolean [operator] declared in kotlin.Boolean' type=kotlin.Boolean origin=null
            $this: CALL 'private final fun SecureExpirationField$lambda$12 ($isDirty$delegate: androidx.compose.runtime.MutableState<kotlin.Boolean>): kotlin.Boolean declared in com.paytheory.lib.compose.SecureInputFieldsKt' type=kotlin.Boolean origin=GET_LOCAL_PROPERTY
              $isDirty$delegate: GET_VAR 'val isDirty$delegate: androidx.compose.runtime.MutableState<kotlin.Boolean> [val] declared in com.paytheory.lib.compose.SecureInputFieldsKt.SecureExpirationField' type=androidx.compose.runtime.MutableState<kotlin.Boolean> origin=null
        then: BLOCK type=kotlin.Unit origin=null
          CALL 'private final fun SecureExpirationField$lambda$13 ($isDirty$delegate: androidx.compose.runtime.MutableState<kotlin.Boolean>, <set-?>: kotlin.Boolean): kotlin.Unit declared in com.paytheory.lib.compose.SecureInputFieldsKt' type=kotlin.Unit origin=EQ
            $isDirty$delegate: GET_VAR 'val isDirty$delegate: androidx.compose.runtime.MutableState<kotlin.Boolean> [val] declared in com.paytheory.lib.compose.SecureInputFieldsKt.SecureExpirationField' type=androidx.compose.runtime.MutableState<kotlin.Boolean> origin=null
            <set-?>: CONST Boolean type=kotlin.Boolean value=true
    VAR name:isValid type:kotlin.Boolean [val]
      WHEN type=kotlin.Boolean origin=IF
        BRANCH
          if: CALL 'public final fun OROR (arg0: kotlin.Boolean, arg1: kotlin.Boolean): kotlin.Boolean declared in kotlin.internal.ir' type=kotlin.Boolean origin=null
            arg0: CALL 'private final fun SecureExpirationField$lambda$12 ($isDirty$delegate: androidx.compose.runtime.MutableState<kotlin.Boolean>): kotlin.Boolean declared in com.paytheory.lib.compose.SecureInputFieldsKt' type=kotlin.Boolean origin=GET_LOCAL_PROPERTY
              $isDirty$delegate: GET_VAR 'val isDirty$delegate: androidx.compose.runtime.MutableState<kotlin.Boolean> [val] declared in com.paytheory.lib.compose.SecureInputFieldsKt.SecureExpirationField' type=androidx.compose.runtime.MutableState<kotlin.Boolean> origin=null
            arg1: CALL 'public final fun isNotEmpty (): kotlin.Boolean [inline] declared in kotlin.text.StringsKt' type=kotlin.Boolean origin=null
              $receiver: CALL 'public final fun revealForUi (): kotlin.String declared in com.paytheory.lib.compose.SecureString' type=kotlin.String origin=null
                $this: CALL 'public final fun <get-secureValue> (): com.paytheory.lib.compose.SecureString declared in com.paytheory.lib.compose.SecureStringWrapper' type=com.paytheory.lib.compose.SecureString origin=GET_PROPERTY
                  $this: CALL 'private final fun SecureExpirationField$lambda$7 ($secureWrapper$delegate: androidx.compose.runtime.MutableState<com.paytheory.lib.compose.SecureStringWrapper>): com.paytheory.lib.compose.SecureStringWrapper declared in com.paytheory.lib.compose.SecureInputFieldsKt' type=com.paytheory.lib.compose.SecureStringWrapper origin=GET_LOCAL_PROPERTY
                    $secureWrapper$delegate: GET_VAR 'val secureWrapper$delegate: androidx.compose.runtime.MutableState<com.paytheory.lib.compose.SecureStringWrapper> [val] declared in com.paytheory.lib.compose.SecureInputFieldsKt.SecureExpirationField' type=androidx.compose.runtime.MutableState<com.paytheory.lib.compose.SecureStringWrapper> origin=null
          then: CALL 'public abstract fun invoke (p1: P1 of kotlin.Function1): R of kotlin.Function1 [operator] declared in kotlin.Function1' type=kotlin.Boolean origin=INVOKE
            $this: GET_VAR 'isValid: kotlin.Function1<com.paytheory.lib.compose.SecureStringWrapper, kotlin.Boolean> declared in com.paytheory.lib.compose.SecureInputFieldsKt.SecureExpirationField' type=kotlin.Function1<com.paytheory.lib.compose.SecureStringWrapper, kotlin.Boolean> origin=VARIABLE_AS_FUNCTION
            p1: CALL 'private final fun SecureExpirationField$lambda$7 ($secureWrapper$delegate: androidx.compose.runtime.MutableState<com.paytheory.lib.compose.SecureStringWrapper>): com.paytheory.lib.compose.SecureStringWrapper declared in com.paytheory.lib.compose.SecureInputFieldsKt' type=com.paytheory.lib.compose.SecureStringWrapper origin=GET_LOCAL_PROPERTY
              $secureWrapper$delegate: GET_VAR 'val secureWrapper$delegate: androidx.compose.runtime.MutableState<com.paytheory.lib.compose.SecureStringWrapper> [val] declared in com.paytheory.lib.compose.SecureInputFieldsKt.SecureExpirationField' type=androidx.compose.runtime.MutableState<com.paytheory.lib.compose.SecureStringWrapper> origin=null
        BRANCH
          if: CONST Boolean type=kotlin.Boolean value=true
          then: CONST Boolean type=kotlin.Boolean value=true
    BLOCK type=kotlin.Unit origin=ARGUMENTS_REORDERING_FOR_CALL
      VAR IR_TEMPORARY_VARIABLE name:tmp0_value type:androidx.compose.ui.text.input.TextFieldValue [val]
        CALL 'public final fun <get-secureState> (): androidx.compose.ui.text.input.TextFieldValue declared in com.paytheory.lib.compose.SecureStringWrapper' type=androidx.compose.ui.text.input.TextFieldValue origin=GET_PROPERTY
          $this: CALL 'private final fun SecureExpirationField$lambda$7 ($secureWrapper$delegate: androidx.compose.runtime.MutableState<com.paytheory.lib.compose.SecureStringWrapper>): com.paytheory.lib.compose.SecureStringWrapper declared in com.paytheory.lib.compose.SecureInputFieldsKt' type=com.paytheory.lib.compose.SecureStringWrapper origin=GET_LOCAL_PROPERTY
            $secureWrapper$delegate: GET_VAR 'val secureWrapper$delegate: androidx.compose.runtime.MutableState<com.paytheory.lib.compose.SecureStringWrapper> [val] declared in com.paytheory.lib.compose.SecureInputFieldsKt.SecureExpirationField' type=androidx.compose.runtime.MutableState<com.paytheory.lib.compose.SecureStringWrapper> origin=null
      VAR IR_TEMPORARY_VARIABLE name:tmp1_isError type:kotlin.Boolean [val]
        CALL 'public final fun not (): kotlin.Boolean [operator] declared in kotlin.Boolean' type=kotlin.Boolean origin=null
          $this: GET_VAR 'val isValid: kotlin.Boolean [val] declared in com.paytheory.lib.compose.SecureInputFieldsKt.SecureExpirationField' type=kotlin.Boolean origin=null
      VAR IR_TEMPORARY_VARIABLE name:tmp2_keyboardOptions type:androidx.compose.foundation.text.KeyboardOptions [val]
        CONSTRUCTOR_CALL 'public constructor <init> (capitalization: androidx.compose.ui.text.input.KeyboardCapitalization, autoCorrectEnabled: kotlin.Boolean?, keyboardType: androidx.compose.ui.text.input.KeyboardType, imeAction: androidx.compose.ui.text.input.ImeAction, platformImeOptions: androidx.compose.ui.text.input.PlatformImeOptions?, showKeyboardOnFocus: kotlin.Boolean?, hintLocales: androidx.compose.ui.text.intl.LocaleList?, $mask0: kotlin.Int, $marker: kotlin.jvm.internal.DefaultConstructorMarker?) declared in androidx.compose.foundation.text.KeyboardOptions' type=androidx.compose.foundation.text.KeyboardOptions origin=DEFAULT_DISPATCH_CALL
          capitalization: COMPOSITE type=androidx.compose.ui.text.input.KeyboardCapitalization origin=DEFAULT_VALUE
            CALL 'public final fun <unsafe-coerce> <T, R> (v: T of kotlin.jvm.internal.<unsafe-coerce>): R of kotlin.jvm.internal.<unsafe-coerce> declared in kotlin.jvm.internal' type=androidx.compose.ui.text.input.KeyboardCapitalization origin=null
              <T>: kotlin.Int
              <R>: androidx.compose.ui.text.input.KeyboardCapitalization
              v: CONST Int type=kotlin.Int value=0
          autoCorrectEnabled: COMPOSITE type=kotlin.Boolean? origin=DEFAULT_VALUE
            CONST Null type=kotlin.Boolean? value=null
          keyboardType: CALL 'public final fun getNumber-PjHm6EE (): androidx.compose.ui.text.input.KeyboardType declared in androidx.compose.ui.text.input.KeyboardType.Companion' type=androidx.compose.ui.text.input.KeyboardType origin=GET_PROPERTY
            $this: GET_FIELD 'FIELD FIELD_FOR_OBJECT_INSTANCE name:Companion type:androidx.compose.ui.text.input.KeyboardType.Companion visibility:public [final,static] declared in androidx.compose.ui.text.input.KeyboardType' type=androidx.compose.ui.text.input.KeyboardType.Companion origin=null
          imeAction: COMPOSITE type=androidx.compose.ui.text.input.ImeAction origin=DEFAULT_VALUE
            CALL 'public final fun <unsafe-coerce> <T, R> (v: T of kotlin.jvm.internal.<unsafe-coerce>): R of kotlin.jvm.internal.<unsafe-coerce> declared in kotlin.jvm.internal' type=androidx.compose.ui.text.input.ImeAction origin=null
              <T>: kotlin.Int
              <R>: androidx.compose.ui.text.input.ImeAction
              v: CONST Int type=kotlin.Int value=0
          platformImeOptions: COMPOSITE type=androidx.compose.ui.text.input.PlatformImeOptions? origin=DEFAULT_VALUE
            CONST Null type=androidx.compose.ui.text.input.PlatformImeOptions? value=null
          showKeyboardOnFocus: COMPOSITE type=kotlin.Boolean? origin=DEFAULT_VALUE
            CONST Null type=kotlin.Boolean? value=null
          hintLocales: COMPOSITE type=androidx.compose.ui.text.intl.LocaleList? origin=DEFAULT_VALUE
            CONST Null type=androidx.compose.ui.text.intl.LocaleList? value=null
          $mask0: CONST Int type=kotlin.Int value=123
          $marker: CONST Null type=kotlin.jvm.internal.DefaultConstructorMarker? value=null
      CALL 'public final fun TextFieldWrapper$default (value: androidx.compose.ui.text.input.TextFieldValue, onValueChange: kotlin.Function1<androidx.compose.ui.text.input.TextFieldValue, kotlin.Unit>, modifier: androidx.compose.ui.Modifier?, enabled: kotlin.Boolean, label: @[Composable] kotlin.Function0<kotlin.Unit>?, isError: kotlin.Boolean, visualTransformation: androidx.compose.ui.text.input.VisualTransformation?, keyboardOptions: androidx.compose.foundation.text.KeyboardOptions?, singleLine: kotlin.Boolean, maxLines: kotlin.Int, isOutlined: kotlin.Boolean, $mask0: kotlin.Int, $handler: kotlin.Any?): kotlin.Unit declared in com.paytheory.lib.compose.SecureInputFieldsKt' type=kotlin.Unit origin=DEFAULT_DISPATCH_CALL
        value: GET_VAR 'val tmp0_value: androidx.compose.ui.text.input.TextFieldValue [val] declared in com.paytheory.lib.compose.SecureInputFieldsKt.SecureExpirationField' type=androidx.compose.ui.text.input.TextFieldValue origin=null
        onValueChange: BLOCK type=kotlin.Function1<androidx.compose.ui.text.input.TextFieldValue, kotlin.Unit> origin=LAMBDA
          COMPOSITE type=kotlin.Unit origin=null
          CALL 'public final fun <jvm-indy> <T> (dynamicCall: T of kotlin.jvm.internal.<jvm-indy>, bootstrapMethodHandle: kotlin.Any, vararg bootstrapMethodArguments: kotlin.Any): T of kotlin.jvm.internal.<jvm-indy> declared in kotlin.jvm.internal' type=kotlin.Function1<androidx.compose.ui.text.input.TextFieldValue, kotlin.Unit> origin=null
            <T>: kotlin.Function1<androidx.compose.ui.text.input.TextFieldValue, kotlin.Unit>
            dynamicCall: CALL 'public final fun invoke (p0: kotlin.Function1<com.paytheory.lib.compose.SecureStringWrapper, kotlin.Unit>, p1: androidx.compose.runtime.MutableState<com.paytheory.lib.compose.SecureStringWrapper>): kotlin.Function1<androidx.compose.ui.text.input.TextFieldValue, kotlin.Unit> declared in kotlin.jvm.internal.invokeDynamic' type=kotlin.Function1<androidx.compose.ui.text.input.TextFieldValue, kotlin.Unit> origin=null
              p0: GET_VAR 'onValueChange: kotlin.Function1<com.paytheory.lib.compose.SecureStringWrapper, kotlin.Unit> declared in com.paytheory.lib.compose.SecureInputFieldsKt.SecureExpirationField' type=kotlin.Function1<com.paytheory.lib.compose.SecureStringWrapper, kotlin.Unit> origin=null
              p1: GET_VAR 'val secureWrapper$delegate: androidx.compose.runtime.MutableState<com.paytheory.lib.compose.SecureStringWrapper> [val] declared in com.paytheory.lib.compose.SecureInputFieldsKt.SecureExpirationField' type=androidx.compose.runtime.MutableState<com.paytheory.lib.compose.SecureStringWrapper> origin=null
            bootstrapMethodHandle: CALL 'public final fun <jvm-method-handle> (tag: kotlin.Int, owner: kotlin.String, name: kotlin.String, descriptor: kotlin.String, isInterface: kotlin.Boolean): kotlin.Any declared in kotlin.jvm.internal' type=kotlin.Any origin=null
              tag: CONST Int type=kotlin.Int value=6
              owner: CONST String type=kotlin.String value="java/lang/invoke/LambdaMetafactory"
              name: CONST String type=kotlin.String value="metafactory"
              descriptor: CONST String type=kotlin.String value="(Ljava/lang/invoke/MethodHandles$Lookup;Ljava/lang/String;Ljava/lang/invoke/MethodType;Ljava/lang/invoke/MethodType;Ljava/lang/invoke/MethodHandle;Ljava/lang/invoke/MethodType;)Ljava/lang/invoke/CallSite;"
              isInterface: CONST Boolean type=kotlin.Boolean value=false
            bootstrapMethodArguments: VARARG type=kotlin.Array<kotlin.Any> varargElementType=kotlin.Any
              CALL 'public final fun <jvm-original-method-type> (method: kotlin.Any): kotlin.Any declared in kotlin.jvm.internal' type=kotlin.Any origin=null
                method: RAW_FUNCTION_REFERENCE 'public abstract fun invoke (p1: P1 of kotlin.Function1): R of kotlin.Function1 [operator] declared in kotlin.Function1' type=kotlin.Any
              RAW_FUNCTION_REFERENCE 'private final fun SecureExpirationField$lambda$14 ($onValueChange: kotlin.Function1<com.paytheory.lib.compose.SecureStringWrapper, kotlin.Unit>, $secureWrapper$delegate: androidx.compose.runtime.MutableState<com.paytheory.lib.compose.SecureStringWrapper>, newValue: androidx.compose.ui.text.input.TextFieldValue): kotlin.Unit? declared in com.paytheory.lib.compose.SecureInputFieldsKt' type=kotlin.Any
              CALL 'public final fun <jvm-original-method-type> (method: kotlin.Any): kotlin.Any declared in kotlin.jvm.internal' type=kotlin.Any origin=null
                method: RAW_FUNCTION_REFERENCE 'public abstract fun invoke (p1: androidx.compose.ui.text.input.TextFieldValue): kotlin.Unit? [fake_override,operator] declared in kotlin.jvm.internal.invokeDynamic.<fake>' type=kotlin.Any
        modifier: GET_VAR 'modifier: androidx.compose.ui.Modifier declared in com.paytheory.lib.compose.SecureInputFieldsKt.SecureExpirationField' type=androidx.compose.ui.Modifier origin=null
        enabled: COMPOSITE type=kotlin.Boolean origin=DEFAULT_VALUE
          CONST Boolean type=kotlin.Boolean value=false
        label: BLOCK type=kotlin.Function0<kotlin.Unit> origin=LAMBDA
          COMPOSITE type=kotlin.Unit origin=null
          CALL 'public final fun <jvm-indy> <T> (dynamicCall: T of kotlin.jvm.internal.<jvm-indy>, bootstrapMethodHandle: kotlin.Any, vararg bootstrapMethodArguments: kotlin.Any): T of kotlin.jvm.internal.<jvm-indy> declared in kotlin.jvm.internal' type=kotlin.Function0<kotlin.Unit> origin=null
            <T>: kotlin.Function0<kotlin.Unit>
            dynamicCall: CALL 'public final fun invoke (): kotlin.Function0<kotlin.Unit> declared in kotlin.jvm.internal.invokeDynamic' type=kotlin.Function0<kotlin.Unit> origin=null
            bootstrapMethodHandle: CALL 'public final fun <jvm-method-handle> (tag: kotlin.Int, owner: kotlin.String, name: kotlin.String, descriptor: kotlin.String, isInterface: kotlin.Boolean): kotlin.Any declared in kotlin.jvm.internal' type=kotlin.Any origin=null
              tag: CONST Int type=kotlin.Int value=6
              owner: CONST String type=kotlin.String value="java/lang/invoke/LambdaMetafactory"
              name: CONST String type=kotlin.String value="metafactory"
              descriptor: CONST String type=kotlin.String value="(Ljava/lang/invoke/MethodHandles$Lookup;Ljava/lang/String;Ljava/lang/invoke/MethodType;Ljava/lang/invoke/MethodType;Ljava/lang/invoke/MethodHandle;Ljava/lang/invoke/MethodType;)Ljava/lang/invoke/CallSite;"
              isInterface: CONST Boolean type=kotlin.Boolean value=false
            bootstrapMethodArguments: VARARG type=kotlin.Array<kotlin.Any> varargElementType=kotlin.Any
              CALL 'public final fun <jvm-original-method-type> (method: kotlin.Any): kotlin.Any declared in kotlin.jvm.internal' type=kotlin.Any origin=null
                method: RAW_FUNCTION_REFERENCE 'public abstract fun invoke (): R of kotlin.Function0 [operator] declared in kotlin.Function0' type=kotlin.Any
              RAW_FUNCTION_REFERENCE 'private final fun SecureExpirationField$lambda$15 (): kotlin.Unit? declared in com.paytheory.lib.compose.SecureInputFieldsKt' type=kotlin.Any
              CALL 'public final fun <jvm-original-method-type> (method: kotlin.Any): kotlin.Any declared in kotlin.jvm.internal' type=kotlin.Any origin=null
                method: RAW_FUNCTION_REFERENCE 'public abstract fun invoke (): kotlin.Unit? [fake_override,operator] declared in kotlin.jvm.internal.invokeDynamic.<fake>' type=kotlin.Any
        isError: GET_VAR 'val tmp1_isError: kotlin.Boolean [val] declared in com.paytheory.lib.compose.SecureInputFieldsKt.SecureExpirationField' type=kotlin.Boolean origin=null
        visualTransformation: COMPOSITE type=androidx.compose.ui.text.input.VisualTransformation? origin=DEFAULT_VALUE
          CONST Null type=androidx.compose.ui.text.input.VisualTransformation? value=null
        keyboardOptions: GET_VAR 'val tmp2_keyboardOptions: androidx.compose.foundation.text.KeyboardOptions [val] declared in com.paytheory.lib.compose.SecureInputFieldsKt.SecureExpirationField' type=androidx.compose.foundation.text.KeyboardOptions origin=null
        singleLine: CONST Boolean type=kotlin.Boolean value=true
        maxLines: CONST Int type=kotlin.Int value=1
        isOutlined: GET_VAR 'isOutlined: kotlin.Boolean declared in com.paytheory.lib.compose.SecureInputFieldsKt.SecureExpirationField' type=kotlin.Boolean origin=null
        $mask0: CONST Int type=kotlin.Int value=72
        $handler: CONST Null type=kotlin.Any? value=null

	at org.jetbrains.kotlin.backend.jvm.codegen.FunctionCodegen.generate(FunctionCodegen.kt:48)
	at org.jetbrains.kotlin.backend.jvm.codegen.FunctionCodegen.generate$default(FunctionCodegen.kt:41)
	at org.jetbrains.kotlin.backend.jvm.codegen.ClassCodegen.generateMethodNode(ClassCodegen.kt:407)
	at org.jetbrains.kotlin.backend.jvm.codegen.ClassCodegen.generateMethod(ClassCodegen.kt:424)
	at org.jetbrains.kotlin.backend.jvm.codegen.ClassCodegen.generate(ClassCodegen.kt:169)
	at org.jetbrains.kotlin.backend.jvm.FileCodegen.lower(JvmPhases.kt:39)
	at org.jetbrains.kotlin.backend.common.phaser.PhaseFactoriesKt.createFilePhase$lambda$4(PhaseFactories.kt:71)
	at org.jetbrains.kotlin.backend.common.phaser.PhaseBuildersKt$createSimpleNamedCompilerPhase$1.phaseBody(PhaseBuilders.kt:69)
	at org.jetbrains.kotlin.backend.common.phaser.SimpleNamedCompilerPhase.phaseBody(CompilerPhase.kt:226)
	at org.jetbrains.kotlin.backend.common.phaser.AbstractNamedCompilerPhase.invoke(CompilerPhase.kt:113)
	at org.jetbrains.kotlin.backend.common.phaser.PerformByIrFilePhase.invokeSequential(performByIrFile.kt:52)
	... 45 more
Caused by: org.jetbrains.kotlin.codegen.CompilationException: Back-end (JVM) Internal error: Couldn't inline method call: CALL 'public final fun remember <T> (calculation: @[DisallowComposableCalls] kotlin.Function0<T of androidx.compose.runtime.ComposablesKt.remember>): T of androidx.compose.runtime.ComposablesKt.remember [inline] declared in androidx.compose.runtime.ComposablesKt' type=androidx.compose.foundation.interaction.MutableInteractionSource origin=null
Method: null
File is unknown
The root cause java.lang.IllegalStateException was thrown at: org.jetbrains.kotlin.codegen.inline.SourceCompilerForInlineKt.getMethodNode(SourceCompilerForInline.kt:118)
	at org.jetbrains.kotlin.codegen.inline.InlineCodegen.performInline(InlineCodegen.kt:65)
	at org.jetbrains.kotlin.backend.jvm.codegen.IrInlineCodegen.genInlineCall(IrInlineCodegen.kt:163)
	at org.jetbrains.kotlin.backend.jvm.codegen.IrInlineCallGenerator.genCall(IrInlineCallGenerator.kt:36)
	at org.jetbrains.kotlin.backend.jvm.codegen.ExpressionCodegen.visitCall(ExpressionCodegen.kt:598)
	at org.jetbrains.kotlin.backend.jvm.codegen.ExpressionCodegen.visitCall(ExpressionCodegen.kt:134)
	at org.jetbrains.kotlin.ir.expressions.IrCall.accept(IrCall.kt:24)
	at org.jetbrains.kotlin.backend.jvm.codegen.ExpressionCodegen.visitVariable(ExpressionCodegen.kt:735)
	at org.jetbrains.kotlin.backend.jvm.codegen.ExpressionCodegen.visitVariable(ExpressionCodegen.kt:134)
	at org.jetbrains.kotlin.ir.declarations.IrVariable.accept(IrVariable.kt:36)
	at org.jetbrains.kotlin.backend.jvm.codegen.ExpressionCodegen.visitStatementContainer(ExpressionCodegen.kt:524)
	at org.jetbrains.kotlin.backend.jvm.codegen.ExpressionCodegen.visitBlockBody(ExpressionCodegen.kt:529)
	at org.jetbrains.kotlin.backend.jvm.codegen.ExpressionCodegen.visitBlockBody(ExpressionCodegen.kt:134)
	at org.jetbrains.kotlin.ir.expressions.IrBlockBody.accept(IrBlockBody.kt:20)
	at org.jetbrains.kotlin.backend.jvm.codegen.ExpressionCodegen.generate(ExpressionCodegen.kt:236)
	at org.jetbrains.kotlin.backend.jvm.codegen.FunctionCodegen.doGenerate(FunctionCodegen.kt:124)
	at org.jetbrains.kotlin.backend.jvm.codegen.FunctionCodegen.generate(FunctionCodegen.kt:45)
	... 55 more
Caused by: java.lang.IllegalStateException: couldn't find inline method Landroidx/compose/runtime/ComposablesKt;.remember(Lkotlin/jvm/functions/Function0;)Ljava/lang/Object;
	at org.jetbrains.kotlin.codegen.inline.SourceCompilerForInlineKt.getMethodNode(SourceCompilerForInline.kt:118)
	at org.jetbrains.kotlin.codegen.inline.SourceCompilerForInlineKt.loadCompiledInlineFunction(SourceCompilerForInline.kt:96)
	at org.jetbrains.kotlin.backend.jvm.codegen.IrSourceCompilerForInline.compileInlineFunction(IrSourceCompilerForInline.kt:91)
	at org.jetbrains.kotlin.codegen.inline.InlineCodegen.compileInline(InlineCodegen.kt:43)
	at org.jetbrains.kotlin.codegen.inline.InlineCodegen.performInline(InlineCodegen.kt:51)
	... 70 more


